Archive member included to satisfy reference by file (symbol)

/usr/lib/gcc/arm-none-eabi/4.9.3/../../../arm-none-eabi/lib/armv7e-m/fpu/libm.a(lib_a-sf_fpclassify.o)
                              build/obj/attitude.o (symbol from plugin) (__fpclassifyf)
/usr/lib/gcc/arm-none-eabi/4.9.3/../../../arm-none-eabi/lib/armv7e-m/fpu/libm.a(lib_a-sf_cos.o)
                              /tmp/ccpOyoEY.ltrans10.ltrans.o (cosf)
/usr/lib/gcc/arm-none-eabi/4.9.3/../../../arm-none-eabi/lib/armv7e-m/fpu/libm.a(lib_a-sf_sin.o)
                              /tmp/ccpOyoEY.ltrans10.ltrans.o (sinf)
/usr/lib/gcc/arm-none-eabi/4.9.3/../../../arm-none-eabi/lib/armv7e-m/fpu/libm.a(lib_a-sf_tan.o)
                              /tmp/ccpOyoEY.ltrans6.ltrans.o (tanf)
/usr/lib/gcc/arm-none-eabi/4.9.3/../../../arm-none-eabi/lib/armv7e-m/fpu/libm.a(lib_a-wf_asin.o)
                              /tmp/ccpOyoEY.ltrans10.ltrans.o (asinf)
/usr/lib/gcc/arm-none-eabi/4.9.3/../../../arm-none-eabi/lib/armv7e-m/fpu/libm.a(lib_a-wf_atan2.o)
                              /tmp/ccpOyoEY.ltrans10.ltrans.o (atan2f)
/usr/lib/gcc/arm-none-eabi/4.9.3/../../../arm-none-eabi/lib/armv7e-m/fpu/libm.a(lib_a-wf_sqrt.o)
                              /tmp/ccpOyoEY.ltrans7.ltrans.o (sqrtf)
/usr/lib/gcc/arm-none-eabi/4.9.3/../../../arm-none-eabi/lib/armv7e-m/fpu/libm.a(lib_a-ef_asin.o)
                              /usr/lib/gcc/arm-none-eabi/4.9.3/../../../arm-none-eabi/lib/armv7e-m/fpu/libm.a(lib_a-wf_asin.o) (__ieee754_asinf)
/usr/lib/gcc/arm-none-eabi/4.9.3/../../../arm-none-eabi/lib/armv7e-m/fpu/libm.a(lib_a-ef_atan2.o)
                              /usr/lib/gcc/arm-none-eabi/4.9.3/../../../arm-none-eabi/lib/armv7e-m/fpu/libm.a(lib_a-wf_atan2.o) (__ieee754_atan2f)
/usr/lib/gcc/arm-none-eabi/4.9.3/../../../arm-none-eabi/lib/armv7e-m/fpu/libm.a(lib_a-ef_rem_pio2.o)
                              /usr/lib/gcc/arm-none-eabi/4.9.3/../../../arm-none-eabi/lib/armv7e-m/fpu/libm.a(lib_a-sf_cos.o) (__ieee754_rem_pio2f)
/usr/lib/gcc/arm-none-eabi/4.9.3/../../../arm-none-eabi/lib/armv7e-m/fpu/libm.a(lib_a-ef_sqrt.o)
                              /usr/lib/gcc/arm-none-eabi/4.9.3/../../../arm-none-eabi/lib/armv7e-m/fpu/libm.a(lib_a-wf_sqrt.o) (__ieee754_sqrtf)
/usr/lib/gcc/arm-none-eabi/4.9.3/../../../arm-none-eabi/lib/armv7e-m/fpu/libm.a(lib_a-kf_cos.o)
                              /usr/lib/gcc/arm-none-eabi/4.9.3/../../../arm-none-eabi/lib/armv7e-m/fpu/libm.a(lib_a-sf_cos.o) (__kernel_cosf)
/usr/lib/gcc/arm-none-eabi/4.9.3/../../../arm-none-eabi/lib/armv7e-m/fpu/libm.a(lib_a-kf_rem_pio2.o)
                              /usr/lib/gcc/arm-none-eabi/4.9.3/../../../arm-none-eabi/lib/armv7e-m/fpu/libm.a(lib_a-ef_rem_pio2.o) (__kernel_rem_pio2f)
/usr/lib/gcc/arm-none-eabi/4.9.3/../../../arm-none-eabi/lib/armv7e-m/fpu/libm.a(lib_a-kf_sin.o)
                              /usr/lib/gcc/arm-none-eabi/4.9.3/../../../arm-none-eabi/lib/armv7e-m/fpu/libm.a(lib_a-sf_cos.o) (__kernel_sinf)
/usr/lib/gcc/arm-none-eabi/4.9.3/../../../arm-none-eabi/lib/armv7e-m/fpu/libm.a(lib_a-kf_tan.o)
                              /usr/lib/gcc/arm-none-eabi/4.9.3/../../../arm-none-eabi/lib/armv7e-m/fpu/libm.a(lib_a-sf_tan.o) (__kernel_tanf)
/usr/lib/gcc/arm-none-eabi/4.9.3/../../../arm-none-eabi/lib/armv7e-m/fpu/libm.a(lib_a-s_lib_ver.o)
                              /usr/lib/gcc/arm-none-eabi/4.9.3/../../../arm-none-eabi/lib/armv7e-m/fpu/libm.a(lib_a-wf_asin.o) (__fdlib_version)
/usr/lib/gcc/arm-none-eabi/4.9.3/../../../arm-none-eabi/lib/armv7e-m/fpu/libm.a(lib_a-s_matherr.o)
                              /usr/lib/gcc/arm-none-eabi/4.9.3/../../../arm-none-eabi/lib/armv7e-m/fpu/libm.a(lib_a-wf_asin.o) (matherr)
/usr/lib/gcc/arm-none-eabi/4.9.3/../../../arm-none-eabi/lib/armv7e-m/fpu/libm.a(lib_a-s_nan.o)
                              /usr/lib/gcc/arm-none-eabi/4.9.3/../../../arm-none-eabi/lib/armv7e-m/fpu/libm.a(lib_a-wf_asin.o) (nan)
/usr/lib/gcc/arm-none-eabi/4.9.3/../../../arm-none-eabi/lib/armv7e-m/fpu/libm.a(lib_a-sf_atan.o)
                              /usr/lib/gcc/arm-none-eabi/4.9.3/../../../arm-none-eabi/lib/armv7e-m/fpu/libm.a(lib_a-ef_atan2.o) (atanf)
/usr/lib/gcc/arm-none-eabi/4.9.3/../../../arm-none-eabi/lib/armv7e-m/fpu/libm.a(lib_a-sf_fabs.o)
                              /usr/lib/gcc/arm-none-eabi/4.9.3/../../../arm-none-eabi/lib/armv7e-m/fpu/libm.a(lib_a-wf_asin.o) (fabsf)
/usr/lib/gcc/arm-none-eabi/4.9.3/../../../arm-none-eabi/lib/armv7e-m/fpu/libm.a(lib_a-sf_floor.o)
                              /usr/lib/gcc/arm-none-eabi/4.9.3/../../../arm-none-eabi/lib/armv7e-m/fpu/libm.a(lib_a-kf_rem_pio2.o) (floorf)
/usr/lib/gcc/arm-none-eabi/4.9.3/../../../arm-none-eabi/lib/armv7e-m/fpu/libm.a(lib_a-sf_scalbn.o)
                              /usr/lib/gcc/arm-none-eabi/4.9.3/../../../arm-none-eabi/lib/armv7e-m/fpu/libm.a(lib_a-kf_rem_pio2.o) (scalbnf)
/usr/lib/gcc/arm-none-eabi/4.9.3/../../../arm-none-eabi/lib/armv7e-m/fpu/libm.a(lib_a-sf_copysign.o)
[...]
Memory Configuration

Name             Origin             Length             Attributes
flash            0x0000000008000000 0x0000000000200000
ram0             0x0000000020000000 0x0000000000030000
ram1             0x0000000020000000 0x000000000001c000
ram2             0x000000002001c000 0x0000000000004000
ram3             0x0000000020020000 0x0000000000010000
ram4             0x0000000010000000 0x0000000000010000
ram5             0x0000000040024000 0x0000000000001000
ram6             0x0000000000000000 0x0000000000000000
ram7             0x0000000000000000 0x0000000000000000
*default*        0x0000000000000000 0xffffffffffffffff

Linker script and memory map

LOAD build/obj/crt0_v7m.o
LOAD build/obj/chcoreasm_v7m.o
LOAD build/obj/crt1.o
LOAD /tmp/ccpOyoEY.ltrans0.ltrans.o
LOAD /tmp/ccpOyoEY.ltrans1.ltrans.o
LOAD /tmp/ccpOyoEY.ltrans2.ltrans.o
LOAD /tmp/ccpOyoEY.ltrans3.ltrans.o
LOAD /tmp/ccpOyoEY.ltrans4.ltrans.o
LOAD /tmp/ccpOyoEY.ltrans5.ltrans.o
LOAD /tmp/ccpOyoEY.ltrans6.ltrans.o
LOAD /tmp/ccpOyoEY.ltrans7.ltrans.o
LOAD /tmp/ccpOyoEY.ltrans8.ltrans.o
LOAD /tmp/ccpOyoEY.ltrans9.ltrans.o
LOAD /tmp/ccpOyoEY.ltrans10.ltrans.o
LOAD /tmp/ccpOyoEY.ltrans11.ltrans.o
LOAD /tmp/ccpOyoEY.ltrans12.ltrans.o
LOAD /tmp/ccpOyoEY.ltrans13.ltrans.o
LOAD /tmp/ccpOyoEY.ltrans14.ltrans.o
LOAD /tmp/ccpOyoEY.ltrans15.ltrans.o
LOAD /tmp/ccpOyoEY.ltrans16.ltrans.o
LOAD /tmp/ccpOyoEY.ltrans17.ltrans.o
LOAD build/obj/vectors.o
LOAD build/obj/chsys.o
LOAD build/obj/chdebug.o
LOAD build/obj/chvt.o
LOAD build/obj/chschd.o
LOAD build/obj/chthreads.o
LOAD build/obj/chtm.o
LOAD build/obj/chstats.o
LOAD build/obj/chdynamic.o
LOAD build/obj/chregistry.o
LOAD build/obj/chsem.o
LOAD build/obj/chmtx.o
LOAD build/obj/chcond.o
LOAD build/obj/chevents.o
LOAD build/obj/chmsg.o
LOAD build/obj/chmboxes.o
LOAD build/obj/chqueues.o
LOAD build/obj/chmemcore.o
LOAD build/obj/chheap.o
LOAD build/obj/chmempools.o
LOAD build/obj/chcore.o
LOAD build/obj/chcore_v7m.o
LOAD build/obj/osal.o
LOAD build/obj/hal.o
LOAD build/obj/st.o
LOAD build/obj/hal_buffers.o
LOAD build/obj/hal_queues.o
LOAD build/obj/hal_mmcsd.o
LOAD build/obj/can.o
LOAD build/obj/ext.o
LOAD build/obj/pal.o
LOAD build/obj/pwm.o
LOAD build/obj/sdc.o
LOAD build/obj/serial_usb.o
LOAD build/obj/spi.o
LOAD build/obj/uart.o
LOAD build/obj/usb.o
LOAD build/obj/nvic.o
LOAD build/obj/hal_lld.o
LOAD build/obj/stm32_dma.o
LOAD build/obj/st_lld.o
LOAD build/obj/can_lld.o
LOAD build/obj/ext_lld.o
LOAD build/obj/ext_lld_isr.o
LOAD build/obj/pal_lld.o
LOAD build/obj/usb_lld.o
LOAD build/obj/sdc_lld.o
LOAD build/obj/spi_lld.o
LOAD build/obj/pwm_lld.o
LOAD build/obj/uart_lld.o
LOAD build/obj/board.o
LOAD build/obj/arm_pid_init_f32.o
LOAD build/obj/fatfs_diskio.o
LOAD build/obj/fatfs_syscall.o
LOAD build/obj/ff.o
LOAD build/obj/unicode.o
LOAD build/obj/shell.o
LOAD build/obj/evtimer.o
LOAD build/obj/syscalls.o
LOAD build/obj/memstreams.o
LOAD build/obj/chprintf.o
LOAD build/obj/main.o
LOAD build/obj/shellcfg.o
LOAD build/obj/flash.o
LOAD build/obj/tft_display.o
LOAD build/obj/mpu6500.o
LOAD build/obj/attitude.o
LOAD build/obj/ist8310.o
LOAD build/obj/math_misc.o
LOAD build/obj/canBusProcess.o
LOAD build/obj/dbus.o
LOAD build/obj/gimbal.o
LOAD build/obj/params.o
LOAD build/obj/usbcfg.o
LOAD build/obj/calibrate_sensor.o
LOAD build/obj/gimbal_sys_iden.o
LOAD build/obj/shoot_pwm.o
LOAD build/obj/exti.o
LOAD build/obj/pwm_struct.o
LOAD build/obj/imu_temp.o
LOAD build/obj/chassis.o
LOAD build/obj/lift.o
LOAD build/obj/adis16265.o
LOAD build/obj/sdlog.o
                0x0000000020000000                __ram0_start__ = ORIGIN (ram0)
                0x0000000000030000                __ram0_size__ = LENGTH (ram0)
                0x0000000020030000                __ram0_end__ = (__ram0_start__ + __ram0_size__)
                0x0000000020000000                __ram1_start__ = ORIGIN (ram1)
                0x000000000001c000                __ram1_size__ = LENGTH (ram1)
                0x000000002001c000                __ram1_end__ = (__ram1_start__ + __ram1_size__)
                0x000000002001c000                __ram2_start__ = ORIGIN (ram2)
                0x0000000000004000                __ram2_size__ = LENGTH (ram2)
                0x0000000020020000                __ram2_end__ = (__ram2_start__ + __ram2_size__)
                0x0000000020020000                __ram3_start__ = ORIGIN (ram3)
                0x0000000000010000                __ram3_size__ = LENGTH (ram3)
                0x0000000020030000                __ram3_end__ = (__ram3_start__ + __ram3_size__)
                0x0000000010000000                __ram4_start__ = ORIGIN (ram4)
                0x0000000000010000                __ram4_size__ = LENGTH (ram4)
                0x0000000010010000                __ram4_end__ = (__ram4_start__ + __ram4_size__)
                0x0000000040024000                __ram5_start__ = ORIGIN (ram5)
                0x0000000000001000                __ram5_size__ = LENGTH (ram5)
                0x0000000040025000                __ram5_end__ = (__ram5_start__ + __ram5_size__)
                0x0000000000000000                __ram6_start__ = ORIGIN (ram6)
                0x0000000000000000                __ram6_size__ = LENGTH (ram6)
                0x0000000000000000                __ram6_end__ = (__ram6_start__ + __ram6_size__)
                0x0000000000000000                __ram7_start__ = ORIGIN (ram7)
                0x0000000000000000                __ram7_size__ = LENGTH (ram7)
                0x0000000000000000                __ram7_end__ = (__ram7_start__ + __ram7_size__)
                0x0000000000000000                . = 0x0
                0x0000000000000000                _text = .

startup         0x0000000008000000      0x1c0
 *(.vectors)
 .vectors       0x0000000008000000      0x1c0 /tmp/ccpOyoEY.ltrans8.ltrans.o
                0x0000000008000000                _vectors

constructors    0x00000000080001c0        0x0
                0x00000000080001c0                __init_array_start = .
 *(SORT(.init_array.*))
 *(.init_array)
                0x00000000080001c0                __init_array_end = .

destructors     0x00000000080001c0        0x0
                0x00000000080001c0                __fini_array_start = .
 *(.fini_array)
 *(SORT(.fini_array.*))
                0x00000000080001c0                __fini_array_end = .

.text           0x00000000080001c0    0x12884
 *(.text)
 .text          0x00000000080001c0      0x108 build/obj/crt0_v7m.o
                0x00000000080001c0                Reset_Handler
 *fill*         0x00000000080002c8        0x8 
 .text          0x00000000080002d0       0x48 build/obj/chcoreasm_v7m.o
                0x00000000080002d0                _port_switch
                0x00000000080002e8                _port_thread_start
                0x0000000008000300                _port_switch_from_isr
                0x0000000008000314                _port_exit_from_isr
 *fill*         0x0000000008000318        0x8 
 .text          0x0000000008000320      0x370 /usr/lib/gcc/arm-none-eabi/4.9.3/armv7e-m/fpu/libgcc.a(_arm_addsubdf3.o)
                0x0000000008000320                __aeabi_drsub
                0x0000000008000328                __aeabi_dsub
                0x0000000008000328                __subdf3
                0x000000000800032c                __adddf3
                0x000000000800032c                __aeabi_dadd
                0x00000000080005a4                __aeabi_ui2d
                0x00000000080005a4                __floatunsidf
                0x00000000080005c4                __floatsidf
                0x00000000080005c4                __aeabi_i2d
                0x00000000080005e8                __extendsfdf2
                0x00000000080005e8                __aeabi_f2d
                0x0000000008000624                __aeabi_ul2d
                0x0000000008000624                __floatundidf
                0x0000000008000634                __floatdidf
                0x0000000008000634                __aeabi_l2d
 .text          0x0000000008000690      0x424 /usr/lib/gcc/arm-none-eabi/4.9.3/armv7e-m/fpu/libgcc.a(_arm_muldivdf3.o)
                0x0000000008000690                __aeabi_dmul
                0x0000000008000690                __muldf3
                0x00000000080008e4                __aeabi_ddiv
                0x00000000080008e4                __divdf3
 *fill*         0x0000000008000ab4        0xc 
 .text          0x0000000008000ac0       0x50 /usr/lib/gcc/arm-none-eabi/4.9.3/armv7e-m/fpu/libgcc.a(_arm_fixdfsi.o)
                0x0000000008000ac0                __fixdfsi
                0x0000000008000ac0                __aeabi_d2iz
 .text          0x0000000008000b10       0xa0 /usr/lib/gcc/arm-none-eabi/4.9.3/armv7e-m/fpu/libgcc.a(_arm_truncdfsf2.o)
                0x0000000008000b10                __aeabi_d2f
                0x0000000008000b10                __truncdfsf2
 .text          0x0000000008000bb0      0x134 /usr/lib/gcc/arm-none-eabi/4.9.3/../../../arm-none-eabi/lib/armv7e-m/fpu/libg.a(lib_a-memcpy.o)
                0x0000000008000bb0                memcpy
 *fill*         0x0000000008000ce4        0xc 
 .text          0x0000000008000cf0      0x2e0 /usr/lib/gcc/arm-none-eabi/4.9.3/../../../arm-none-eabi/lib/armv7e-m/fpu/libg.a(lib_a-strcmp.o)
                0x0000000008000cf8                strcmp
 *(.text.*)
 .text.startup.main
                0x0000000008000fd0     0x1674 /tmp/ccpOyoEY.ltrans0.ltrans.o
                0x0000000008000fd0                main
 *fill*         0x0000000008002644        0xc 
 .text.SVC_Handler
                0x0000000008002650       0x20 /tmp/ccpOyoEY.ltrans1.ltrans.o
                0x0000000008002650                SVC_Handler
 .text._idle_thread.lto_priv.167
                0x0000000008002670        0x4 /tmp/ccpOyoEY.ltrans1.ltrans.o
                0x0000000008002670                _idle_thread.lto_priv.167
 *fill*         0x0000000008002674        0xc 
 .text.stSetAlarm
                0x0000000008002680       0x20 /tmp/ccpOyoEY.ltrans1.ltrans.o
                0x0000000008002680                stSetAlarm
 .text._port_irq_epilogue
                0x00000000080026a0       0x64 /tmp/ccpOyoEY.ltrans1.ltrans.o
                0x00000000080026a0                _port_irq_epilogue
 *fill*         0x0000000008002704        0xc 
 .text._stats_increase_irq
                0x0000000008002710       0x20 /tmp/ccpOyoEY.ltrans1.ltrans.o
                0x0000000008002710                _stats_increase_irq
 .text.chTMChainMeasurementToX
                0x0000000008002730       0x3c /tmp/ccpOyoEY.ltrans1.ltrans.o
                0x0000000008002730                chTMChainMeasurementToX
 *fill*         0x000000000800276c        0x4 
 .text.chTMStopMeasurementX
                0x0000000008002770       0x48 /tmp/ccpOyoEY.ltrans1.ltrans.o
                0x0000000008002770                chTMStopMeasurementX
 *fill*         0x00000000080027b8        0x8 
 .text._stats_stop_measure_crit_isr
                0x00000000080027c0        0xc /tmp/ccpOyoEY.ltrans1.ltrans.o
                0x00000000080027c0                _stats_stop_measure_crit_isr
 *fill*         0x00000000080027cc        0x4 
 .text._stats_stop_measure_crit_thd
                0x00000000080027d0        0xc /tmp/ccpOyoEY.ltrans1.ltrans.o
                0x00000000080027d0                _stats_stop_measure_crit_thd
 *fill*         0x00000000080027dc        0x4 
 .text.chTMStartMeasurementX
                0x00000000080027e0        0xc /tmp/ccpOyoEY.ltrans1.ltrans.o
                0x00000000080027e0                chTMStartMeasurementX
 *fill*         0x00000000080027ec        0x4 
 .text._stats_start_measure_crit_isr
                0x00000000080027f0        0xc /tmp/ccpOyoEY.ltrans1.ltrans.o
                0x00000000080027f0                _stats_start_measure_crit_isr
 *fill*         0x00000000080027fc        0x4 
 .text._stats_start_measure_crit_thd
                0x0000000008002800        0xc /tmp/ccpOyoEY.ltrans1.ltrans.o
                0x0000000008002800                _stats_start_measure_crit_thd
 *fill*         0x000000000800280c        0x4 
 .text._dbg_trace
                0x0000000008002810       0x38 /tmp/ccpOyoEY.ltrans1.ltrans.o
                0x0000000008002810                _dbg_trace
 *fill*         0x0000000008002848        0x8 
 .text.chSchDoRescheduleAhead
                0x0000000008002850       0x78 /tmp/ccpOyoEY.ltrans1.ltrans.o
 *fill*         0x00000000080028c8        0x8 
 .text.chSchDoReschedule
                0x00000000080028d0        0x4 /tmp/ccpOyoEY.ltrans1.ltrans.o
                0x00000000080028d0                chSchDoReschedule
 *fill*         0x00000000080028d4        0xc 
 .text.chDbgCheckClassS
                0x00000000080028e0       0x20 /tmp/ccpOyoEY.ltrans1.ltrans.o
                0x00000000080028e0                chDbgCheckClassS
 .text.ibqReleaseEmptyBufferS
                0x0000000008002900       0x48 /tmp/ccpOyoEY.ltrans1.ltrans.o
 *fill*         0x0000000008002948        0x8 
 .text.chSchGoSleepS
                0x0000000008002950       0x64 /tmp/ccpOyoEY.ltrans1.ltrans.o
                0x0000000008002950                chSchGoSleepS
 *fill*         0x00000000080029b4        0xc 
 .text.chThdSuspendS
                0x00000000080029c0       0x2c /tmp/ccpOyoEY.ltrans1.ltrans.o
                0x00000000080029c0                chThdSuspendS
 *fill*         0x00000000080029ec        0x4 
 .text.chDbgCheckClassI
                0x00000000080029f0       0x20 /tmp/ccpOyoEY.ltrans1.ltrans.o
                0x00000000080029f0                chDbgCheckClassI
 .text.chThdCreateI
                0x0000000008002a10       0xb8 /tmp/ccpOyoEY.ltrans1.ltrans.o
                0x0000000008002a10                chThdCreateI
 *fill*         0x0000000008002ac8        0x8 
 .text.chSchRescheduleS
                0x0000000008002ad0       0x28 /tmp/ccpOyoEY.ltrans1.ltrans.o
                0x0000000008002ad0                chSchRescheduleS
 *fill*         0x0000000008002af8        0x8 
 .text.chSchGoSleepTimeoutS
                0x0000000008002b00      0x170 /tmp/ccpOyoEY.ltrans1.ltrans.o
                0x0000000008002b00                chSchGoSleepTimeoutS
 .text.chThdEnqueueTimeoutS
                0x0000000008002c70       0x28 /tmp/ccpOyoEY.ltrans1.ltrans.o
                0x0000000008002c70                chThdEnqueueTimeoutS
 *fill*         0x0000000008002c98        0x8 
 .text.ibqGetFullBufferTimeoutS
                0x0000000008002ca0       0x44 /tmp/ccpOyoEY.ltrans1.ltrans.o
 *fill*         0x0000000008002ce4        0xc 
 .text.chSchReadyI
                0x0000000008002cf0       0x50 /tmp/ccpOyoEY.ltrans1.ltrans.o
                0x0000000008002cf0                chSchReadyI
 .text.chEvtBroadcastFlagsI
                0x0000000008002d40       0x9c /tmp/ccpOyoEY.ltrans1.ltrans.o
                0x0000000008002d40                chEvtBroadcastFlagsI
 *fill*         0x0000000008002ddc        0x4 
 .text.chThdDequeueAllI
                0x0000000008002de0       0x3c /tmp/ccpOyoEY.ltrans1.ltrans.o
                0x0000000008002de0                chThdDequeueAllI
 *fill*         0x0000000008002e1c        0x4 
 .text.chThdResumeI
                0x0000000008002e20       0x2c /tmp/ccpOyoEY.ltrans1.ltrans.o
                0x0000000008002e20                chThdResumeI
 *fill*         0x0000000008002e4c        0x4 
 .text.chThdExitS
                0x0000000008002e50       0x4c /tmp/ccpOyoEY.ltrans1.ltrans.o
                0x0000000008002e50                chThdExitS
 *fill*         0x0000000008002e9c        0x4 
 .text._dbg_check_leave_isr
                0x0000000008002ea0       0x2c /tmp/ccpOyoEY.ltrans1.ltrans.o
                0x0000000008002ea0                _dbg_check_leave_isr
 *fill*         0x0000000008002ecc        0x4 
 .text._dbg_check_enter_isr
                0x0000000008002ed0       0x2c /tmp/ccpOyoEY.ltrans1.ltrans.o
                0x0000000008002ed0                _dbg_check_enter_isr
 *fill*         0x0000000008002efc        0x4 
 .text._dbg_check_unlock_from_isr
                0x0000000008002f00       0x24 /tmp/ccpOyoEY.ltrans1.ltrans.o
                0x0000000008002f00                _dbg_check_unlock_from_isr
 *fill*         0x0000000008002f24        0xc 
 .text._dbg_check_lock_from_isr
                0x0000000008002f30       0x24 /tmp/ccpOyoEY.ltrans1.ltrans.o
                0x0000000008002f30                _dbg_check_lock_from_isr
 *fill*         0x0000000008002f54        0xc 
 .text.wakeup   0x0000000008002f60       0x6c /tmp/ccpOyoEY.ltrans1.ltrans.o
 *fill*         0x0000000008002fcc        0x4 
 .text._dbg_check_unlock
                0x0000000008002fd0       0x20 /tmp/ccpOyoEY.ltrans1.ltrans.o
                0x0000000008002fd0                _dbg_check_unlock
 .text._dbg_check_lock
                0x0000000008002ff0       0x20 /tmp/ccpOyoEY.ltrans1.ltrans.o
                0x0000000008002ff0                _dbg_check_lock
 .text.ibqReadTimeout
                0x0000000008003010      0x168 /tmp/ccpOyoEY.ltrans1.ltrans.o
                0x0000000008003010                ibqReadTimeout
 *fill*         0x0000000008003178        0x8 
 .text.ibqGetTimeout
                0x0000000008003180       0x90 /tmp/ccpOyoEY.ltrans1.ltrans.o
                0x0000000008003180                ibqGetTimeout
 .text.chCoreAlloc
                0x0000000008003210       0x70 /tmp/ccpOyoEY.ltrans1.ltrans.o
                0x0000000008003210                chCoreAlloc
 .text.chThdExit
                0x0000000008003280       0x18 /tmp/ccpOyoEY.ltrans1.ltrans.o
                0x0000000008003280                chThdExit
 *fill*         0x0000000008003298        0x8 
 .text.chThdSleepUntil
                0x00000000080032a0       0x54 /tmp/ccpOyoEY.ltrans1.ltrans.o
                0x00000000080032a0                chThdSleepUntil
 *fill*         0x00000000080032f4        0xc 
 .text.chThdSleep
                0x0000000008003300       0x5c /tmp/ccpOyoEY.ltrans1.ltrans.o
                0x0000000008003300                chThdSleep
 *fill*         0x000000000800335c        0x4 
 .text.chThdCreateStatic
                0x0000000008003360       0x90 /tmp/ccpOyoEY.ltrans1.ltrans.o
                0x0000000008003360                chThdCreateStatic
 .text.chSysPolledDelayX
                0x00000000080033f0       0x14 /tmp/ccpOyoEY.ltrans1.ltrans.o
                0x00000000080033f0                chSysPolledDelayX
 *fill*         0x0000000008003404        0xc 
 .text._unhandled_exception
                0x0000000008003410        0x4 /tmp/ccpOyoEY.ltrans1.ltrans.o
                0x0000000008003410                DebugMon_Handler
                0x0000000008003410                Vector1A0
                0x0000000008003410                Vector11C
                0x0000000008003410                HardFault_Handler
                0x0000000008003410                Vector1B8
                0x0000000008003410                Vector19C
                0x0000000008003410                SysTick_Handler
                0x0000000008003410                PendSV_Handler
                0x0000000008003410                Vector168
                0x0000000008003410                NMI_Handler
                0x0000000008003410                Vector110
                0x0000000008003410                VectorC8
                0x0000000008003410                VectorA8
                0x0000000008003410                Vector160
                0x0000000008003410                Vector1B0
                0x0000000008003410                UsageFault_Handler
                0x0000000008003410                Vector40
                0x0000000008003410                Vector108
                0x0000000008003410                VectorBC
                0x0000000008003410                Vector190
                0x0000000008003410                Vector188
                0x0000000008003410                Vector198
                0x0000000008003410                Vector118
                0x0000000008003410                VectorCC
                0x0000000008003410                Vector54
                0x0000000008003410                VectorD8
                0x0000000008003410                Vector24
                0x0000000008003410                Vector1AC
                0x0000000008003410                Vector178
                0x0000000008003410                Vector1A4
                0x0000000008003410                VectorD0
                0x0000000008003410                Vector1B4
                0x0000000008003410                VectorC0
                0x0000000008003410                Vector134
                0x0000000008003410                Vector100
                0x0000000008003410                VectorF4
                0x0000000008003410                MemManage_Handler
                0x0000000008003410                VectorA0
                0x0000000008003410                VectorC4
                0x0000000008003410                Vector180
                0x0000000008003410                Vector114
                0x0000000008003410                Vector164
                0x0000000008003410                Vector1C
                0x0000000008003410                Vector1BC
                0x0000000008003410                Vector17C
                0x0000000008003410                Vector1A8
                0x0000000008003410                Vector16C
                0x0000000008003410                Vector15C
                0x0000000008003410                Vector88
                0x0000000008003410                Vector184
                0x0000000008003410                Vector10C
                0x0000000008003410                BusFault_Handler
                0x0000000008003410                Vector50
                0x0000000008003410                Vector194
                0x0000000008003410                Vector28
                0x0000000008003410                Vector34
                0x0000000008003410                Vector20
                0x0000000008003410                Vector18C
 *fill*         0x0000000008003414        0xc 
 .text.__init_ram_areas
                0x0000000008003420       0x4c /tmp/ccpOyoEY.ltrans1.ltrans.o
                0x0000000008003420                __init_ram_areas
 *fill*         0x000000000800346c        0x4 
 .text.__default_exit
                0x0000000008003470        0x4 /tmp/ccpOyoEY.ltrans1.ltrans.o
                0x0000000008003470                __default_exit
 *fill*         0x0000000008003474        0xc 
 .text.__late_init
                0x0000000008003480        0x4 /tmp/ccpOyoEY.ltrans1.ltrans.o
                0x0000000008003480                __late_init
 *fill*         0x0000000008003484        0xc 
 .text.__core_init
                0x0000000008003490        0x4 /tmp/ccpOyoEY.ltrans1.ltrans.o
                0x0000000008003490                __core_init
 *fill*         0x0000000008003494        0xc 
 .text.usbStartTransmitI
                0x00000000080034a0       0x64 /tmp/ccpOyoEY.ltrans2.ltrans.o
                0x00000000080034a0                usbStartTransmitI
 *fill*         0x0000000008003504        0xc 
 .text.usbStartReceiveI
                0x0000000008003510       0x64 /tmp/ccpOyoEY.ltrans2.ltrans.o
                0x0000000008003510                usbStartReceiveI
 *fill*         0x0000000008003574        0xc 
 .text._usb_ep0setup
                0x0000000008003580      0x434 /tmp/ccpOyoEY.ltrans2.ltrans.o
                0x0000000008003580                _usb_ep0setup
 *fill*         0x00000000080039b4        0xc 
 .text.usbInitEndpointI
                0x00000000080039c0      0x1c4 /tmp/ccpOyoEY.ltrans2.ltrans.o
                0x00000000080039c0                usbInitEndpointI
 *fill*         0x0000000008003b84        0xc 
 .text.spiReleaseBus
                0x0000000008003b90       0xe4 /tmp/ccpOyoEY.ltrans2.ltrans.o
                0x0000000008003b90                spiReleaseBus
 *fill*         0x0000000008003c74        0xc 
 .text.spiAcquireBus
                0x0000000008003c80      0x144 /tmp/ccpOyoEY.ltrans2.ltrans.o
                0x0000000008003c80                spiAcquireBus
 *fill*         0x0000000008003dc4        0xc 
 .text.spiReceive
                0x0000000008003dd0       0xc0 /tmp/ccpOyoEY.ltrans2.ltrans.o
                0x0000000008003dd0                spiReceive
 .text.spiSend  0x0000000008003e90       0xc0 /tmp/ccpOyoEY.ltrans2.ltrans.o
                0x0000000008003e90                spiSend
 .text.spiUnselect
                0x0000000008003f50       0x74 /tmp/ccpOyoEY.ltrans2.ltrans.o
                0x0000000008003f50                spiUnselect
 *fill*         0x0000000008003fc4        0xc 
 .text.spiSelect
                0x0000000008003fd0       0x74 /tmp/ccpOyoEY.ltrans2.ltrans.o
                0x0000000008003fd0                spiSelect
 *fill*         0x0000000008004044        0xc 
 .text._mmcsd_get_slice
                0x0000000008004050       0x60 /tmp/ccpOyoEY.ltrans3.ltrans.o
 .text.unlikely._mmcsd_get_capacity
                0x00000000080040b0       0x6c /tmp/ccpOyoEY.ltrans3.ltrans.o
 *fill*         0x000000000800411c        0x4 
 .text.sdcConnect
                0x0000000008004120      0x3f8 /tmp/ccpOyoEY.ltrans3.ltrans.o
                0x0000000008004120                sdcConnect
 *fill*         0x0000000008004518        0x8 
 .text.obqPostFullBufferS
                0x0000000008004520       0x60 /tmp/ccpOyoEY.ltrans3.ltrans.o
 .text.obqGetEmptyBufferTimeoutS
                0x0000000008004580       0x44 /tmp/ccpOyoEY.ltrans3.ltrans.o
 *fill*         0x00000000080045c4        0xc 
 .text._sdc_wait_for_transfer_state
                0x00000000080045d0       0x40 /tmp/ccpOyoEY.ltrans3.ltrans.o
                0x00000000080045d0                _sdc_wait_for_transfer_state
 .text.obqGetFullBufferI
                0x0000000008004610       0x28 /tmp/ccpOyoEY.ltrans3.ltrans.o
                0x0000000008004610                obqGetFullBufferI
 *fill*         0x0000000008004638        0x8 
 .text.chSysUnlock.lto_priv.96
                0x0000000008004640       0x34 /tmp/ccpOyoEY.ltrans3.ltrans.o
                0x0000000008004640                chSysUnlock.lto_priv.96
 *fill*         0x0000000008004674        0xc 
 .text.pwmEnableChannel
                0x0000000008004680       0x84 /tmp/ccpOyoEY.ltrans3.ltrans.o
                0x0000000008004680                pwmEnableChannel
 *fill*         0x0000000008004704        0xc 
 .text.chSysUnlock.lto_priv.133
                0x0000000008004710       0x34 /tmp/ccpOyoEY.ltrans3.ltrans.o
                0x0000000008004710                chSysUnlock.lto_priv.133
 *fill*         0x0000000008004744        0xc 
 .text.chSysUnlock.lto_priv.108
                0x0000000008004750       0x34 /tmp/ccpOyoEY.ltrans3.ltrans.o
                0x0000000008004750                chSysUnlock.lto_priv.108
 *fill*         0x0000000008004784        0xc 
 .text.obqWriteTimeout
                0x0000000008004790      0x17c /tmp/ccpOyoEY.ltrans3.ltrans.o
                0x0000000008004790                obqWriteTimeout
 *fill*         0x000000000800490c        0x4 
 .text.obqPutTimeout
                0x0000000008004910       0xa0 /tmp/ccpOyoEY.ltrans3.ltrans.o
                0x0000000008004910                obqPutTimeout
 .text.pwm_lld_serve_interrupt
                0x00000000080049b0       0x5c /tmp/ccpOyoEY.ltrans4.ltrans.o
 *fill*         0x0000000008004a0c        0x4 
 .text.spi_lld_serve_tx_interrupt.lto_priv.204
                0x0000000008004a10       0x1c /tmp/ccpOyoEY.ltrans4.ltrans.o
                0x0000000008004a10                spi_lld_serve_tx_interrupt.lto_priv.204
 *fill*         0x0000000008004a2c        0x4 
 .text.uart_lld_serve_rx_end_irq.lto_priv.188
                0x0000000008004a30       0xbc /tmp/ccpOyoEY.ltrans4.ltrans.o
                0x0000000008004a30                uart_lld_serve_rx_end_irq.lto_priv.188
 *fill*         0x0000000008004aec        0x4 
 .text.spi_lld_serve_rx_interrupt.lto_priv.203
                0x0000000008004af0       0x98 /tmp/ccpOyoEY.ltrans4.ltrans.o
                0x0000000008004af0                spi_lld_serve_rx_interrupt.lto_priv.203
 *fill*         0x0000000008004b88        0x8 
 .text.VectorEC
                0x0000000008004b90       0x20 /tmp/ccpOyoEY.ltrans4.ltrans.o
                0x0000000008004b90                VectorEC
 .text.VectorF8
                0x0000000008004bb0       0x20 /tmp/ccpOyoEY.ltrans4.ltrans.o
                0x0000000008004bb0                VectorF8
 .text.VectorF0
                0x0000000008004bd0       0x20 /tmp/ccpOyoEY.ltrans4.ltrans.o
                0x0000000008004bd0                VectorF0
 .text.VectorB8
                0x0000000008004bf0       0x20 /tmp/ccpOyoEY.ltrans4.ltrans.o
                0x0000000008004bf0                VectorB8
 .text.VectorB4
                0x0000000008004c10       0x20 /tmp/ccpOyoEY.ltrans4.ltrans.o
                0x0000000008004c10                VectorB4
 .text.VectorAC
                0x0000000008004c30       0x20 /tmp/ccpOyoEY.ltrans4.ltrans.o
                0x0000000008004c30                VectorAC
 .text.VectorA4
                0x0000000008004c50       0x20 /tmp/ccpOyoEY.ltrans4.ltrans.o
                0x0000000008004c50                VectorA4
 .text.Vector104
                0x0000000008004c70       0x48 /tmp/ccpOyoEY.ltrans4.ltrans.o
                0x0000000008004c70                Vector104
 *fill*         0x0000000008004cb8        0x8 
 .text.pwm_lld_start
                0x0000000008004cc0      0x21c /tmp/ccpOyoEY.ltrans4.ltrans.o
                0x0000000008004cc0                pwm_lld_start
 *fill*         0x0000000008004edc        0x4 
 .text.sdc_lld_collect_errors.isra.0.lto_priv.209
                0x0000000008004ee0       0x3c /tmp/ccpOyoEY.ltrans4.ltrans.o
                0x0000000008004ee0                sdc_lld_collect_errors.isra.0.lto_priv.209
 *fill*         0x0000000008004f1c        0x4 
 .text.sdc_lld_send_cmd_long_crc
                0x0000000008004f20       0x3c /tmp/ccpOyoEY.ltrans4.ltrans.o
                0x0000000008004f20                sdc_lld_send_cmd_long_crc
 *fill*         0x0000000008004f5c        0x4 
 .text.sdc_lld_send_cmd_short_crc
                0x0000000008004f60       0x30 /tmp/ccpOyoEY.ltrans4.ltrans.o
                0x0000000008004f60                sdc_lld_send_cmd_short_crc
 .text.sdc_lld_error_cleanup
                0x0000000008004f90       0x6c /tmp/ccpOyoEY.ltrans4.ltrans.o
 *fill*         0x0000000008004ffc        0x4 
 .text.usb_lld_start_in
                0x0000000008005000       0xac /tmp/ccpOyoEY.ltrans4.ltrans.o
                0x0000000008005000                usb_lld_start_in
 *fill*         0x00000000080050ac        0x4 
 .text.sdc_lld_wait_transaction_end
                0x00000000080050b0       0xcc /tmp/ccpOyoEY.ltrans4.ltrans.o
 *fill*         0x000000000800517c        0x4 
 .text.sdc_lld_write_aligned.part.5.lto_priv.205
                0x0000000008005180       0xa8 /tmp/ccpOyoEY.ltrans4.ltrans.o
                0x0000000008005180                sdc_lld_write_aligned.part.5.lto_priv.205
 *fill*         0x0000000008005228        0x8 
 .text.sdc_lld_read_aligned.part.4.lto_priv.206
                0x0000000008005230       0xa4 /tmp/ccpOyoEY.ltrans4.ltrans.o
                0x0000000008005230                sdc_lld_read_aligned.part.4.lto_priv.206
 *fill*         0x00000000080052d4        0xc 
 .text.sdc_lld_read_special
                0x00000000080052e0       0xb4 /tmp/ccpOyoEY.ltrans4.ltrans.o
                0x00000000080052e0                sdc_lld_read_special
 *fill*         0x0000000008005394        0xc 
 .text.usb_lld_pump
                0x00000000080053a0      0x298 /tmp/ccpOyoEY.ltrans4.ltrans.o
                0x00000000080053a0                usb_lld_pump
 *fill*         0x0000000008005638        0x8 
 .text.Vector4C
                0x0000000008005640       0x3c /tmp/ccpOyoEY.ltrans5.ltrans.o
                0x0000000008005640                Vector4C
 *fill*         0x000000000800567c        0x4 
 .text.Vector48
                0x0000000008005680       0x3c /tmp/ccpOyoEY.ltrans5.ltrans.o
                0x0000000008005680                Vector48
 *fill*         0x00000000080056bc        0x4 
 .text.Vector170
                0x00000000080056c0       0x3c /tmp/ccpOyoEY.ltrans5.ltrans.o
                0x00000000080056c0                Vector170
 *fill*         0x00000000080056fc        0x4 
 .text.Vector138
                0x0000000008005700       0x3c /tmp/ccpOyoEY.ltrans5.ltrans.o
                0x0000000008005700                Vector138
 *fill*         0x000000000800573c        0x4 
 .text.VectorE8
                0x0000000008005740       0x3c /tmp/ccpOyoEY.ltrans5.ltrans.o
                0x0000000008005740                VectorE8
 *fill*         0x000000000800577c        0x4 
 .text.VectorE4
                0x0000000008005780       0x3c /tmp/ccpOyoEY.ltrans5.ltrans.o
                0x0000000008005780                VectorE4
 *fill*         0x00000000080057bc        0x4 
 .text.Vector44
                0x00000000080057c0       0x3c /tmp/ccpOyoEY.ltrans5.ltrans.o
                0x00000000080057c0                Vector44
 *fill*         0x00000000080057fc        0x4 
 .text.VectorE0
                0x0000000008005800       0x8c /tmp/ccpOyoEY.ltrans5.ltrans.o
                0x0000000008005800                VectorE0
 *fill*         0x000000000800588c        0x4 
 .text.Vector9C
                0x0000000008005890       0x7c /tmp/ccpOyoEY.ltrans5.ltrans.o
                0x0000000008005890                Vector9C
 *fill*         0x000000000800590c        0x4 
 .text.Vector68
                0x0000000008005910       0x38 /tmp/ccpOyoEY.ltrans5.ltrans.o
                0x0000000008005910                Vector68
 *fill*         0x0000000008005948        0x8 
 .text.Vector64
                0x0000000008005950       0x38 /tmp/ccpOyoEY.ltrans5.ltrans.o
                0x0000000008005950                Vector64
 *fill*         0x0000000008005988        0x8 
 .text.Vector60
                0x0000000008005990       0x38 /tmp/ccpOyoEY.ltrans5.ltrans.o
                0x0000000008005990                Vector60
 *fill*         0x00000000080059c8        0x8 
 .text.Vector5C
                0x00000000080059d0       0x38 /tmp/ccpOyoEY.ltrans5.ltrans.o
                0x00000000080059d0                Vector5C
 *fill*         0x0000000008005a08        0x8 
 .text.Vector58
                0x0000000008005a10       0x38 /tmp/ccpOyoEY.ltrans5.ltrans.o
                0x0000000008005a10                Vector58
 *fill*         0x0000000008005a48        0x8 
 .text.otg_epin_handler
                0x0000000008005a50       0xd4 /tmp/ccpOyoEY.ltrans5.ltrans.o
 *fill*         0x0000000008005b24        0xc 
 .text.Vector144
                0x0000000008005b30       0x20 /tmp/ccpOyoEY.ltrans5.ltrans.o
                0x0000000008005b30                Vector144
 .text.Vector94
                0x0000000008005b50       0x20 /tmp/ccpOyoEY.ltrans5.ltrans.o
                0x0000000008005b50                Vector94
 .text.Vector140
                0x0000000008005b70       0x20 /tmp/ccpOyoEY.ltrans5.ltrans.o
                0x0000000008005b70                Vector140
 .text.Vector90
                0x0000000008005b90       0x20 /tmp/ccpOyoEY.ltrans5.ltrans.o
                0x0000000008005b90                Vector90
 .text.Vector13C
                0x0000000008005bb0       0x20 /tmp/ccpOyoEY.ltrans5.ltrans.o
                0x0000000008005bb0                Vector13C
 .text.Vector8C
                0x0000000008005bd0       0x20 /tmp/ccpOyoEY.ltrans5.ltrans.o
                0x0000000008005bd0                Vector8C
 .text.can_lld_sce_handler
                0x0000000008005bf0       0x74 /tmp/ccpOyoEY.ltrans5.ltrans.o
 *fill*         0x0000000008005c64        0xc 
 .text.Vector148
                0x0000000008005c70       0x20 /tmp/ccpOyoEY.ltrans5.ltrans.o
                0x0000000008005c70                Vector148
 .text.Vector98
                0x0000000008005c90       0x20 /tmp/ccpOyoEY.ltrans5.ltrans.o
                0x0000000008005c90                Vector98
 .text.usb_lld_start_out
                0x0000000008005cb0       0x84 /tmp/ccpOyoEY.ltrans5.ltrans.o
                0x0000000008005cb0                usb_lld_start_out
 *fill*         0x0000000008005d34        0xc 
 .text.otg_epout_handler
                0x0000000008005d40       0xac /tmp/ccpOyoEY.ltrans5.ltrans.o
 *fill*         0x0000000008005dec        0x4 
 .text.usb_lld_serve_interrupt
                0x0000000008005df0      0x408 /tmp/ccpOyoEY.ltrans5.ltrans.o
 *fill*         0x00000000080061f8        0x8 
 .text.Vector174
                0x0000000008006200       0x20 /tmp/ccpOyoEY.ltrans5.ltrans.o
                0x0000000008006200                Vector174
 .text.Vector14C
                0x0000000008006220       0x20 /tmp/ccpOyoEY.ltrans5.ltrans.o
                0x0000000008006220                Vector14C
 .text.can_lld_start
                0x0000000008006240       0xf4 /tmp/ccpOyoEY.ltrans5.ltrans.o
                0x0000000008006240                can_lld_start
 *fill*         0x0000000008006334        0xc 
 .text.cmd_gyro
                0x0000000008006340       0x50 /tmp/ccpOyoEY.ltrans6.ltrans.o
                0x0000000008006340                cmd_gyro
 .text.lpfilter_apply
                0x0000000008006390       0x68 /tmp/ccpOyoEY.ltrans6.ltrans.o
                0x0000000008006390                lpfilter_apply
 *fill*         0x00000000080063f8        0x8 
 .text.lpfilter_init
                0x0000000008006400       0x74 /tmp/ccpOyoEY.ltrans6.ltrans.o
                0x0000000008006400                lpfilter_init
 *fill*         0x0000000008006474        0xc 
 .text.imuGetDataRaw
                0x0000000008006480      0x190 /tmp/ccpOyoEY.ltrans6.ltrans.o
                0x0000000008006480                imuGetDataRaw
 .text.imuGetData
                0x0000000008006610      0x1c8 /tmp/ccpOyoEY.ltrans6.ltrans.o
                0x0000000008006610                imuGetData
 *fill*         0x00000000080067d8        0x8 
 .text.flashWrite.part.5.lto_priv.103
                0x00000000080067e0       0xa8 /tmp/ccpOyoEY.ltrans6.ltrans.o
                0x00000000080067e0                flashWrite.part.5.lto_priv.103
 *fill*         0x0000000008006888        0x8 
 .text.flashUnlock.part.1.lto_priv.104
                0x0000000008006890       0x20 /tmp/ccpOyoEY.ltrans6.ltrans.o
                0x0000000008006890                flashUnlock.part.1.lto_priv.104
 .text.flashRead
                0x00000000080068b0       0x58 /tmp/ccpOyoEY.ltrans6.ltrans.o
                0x00000000080068b0                flashRead
 *fill*         0x0000000008006908        0x8 
 .text.can_rx.lto_priv.160
                0x0000000008006910      0x6bc /tmp/ccpOyoEY.ltrans6.ltrans.o
                0x0000000008006910                can_rx.lto_priv.160
 *fill*         0x0000000008006fcc        0x4 
 .text.get_descriptor.lto_priv.172
                0x0000000008006fd0       0x30 /tmp/ccpOyoEY.ltrans7.ltrans.o
                0x0000000008006fd0                get_descriptor.lto_priv.172
 .text.sof_handler.lto_priv.173
                0x0000000008007000       0xb8 /tmp/ccpOyoEY.ltrans7.ltrans.o
                0x0000000008007000                sof_handler.lto_priv.173
 *fill*         0x00000000080070b8        0x8 
 .text.usb_event.lto_priv.171
                0x00000000080070c0       0xfc /tmp/ccpOyoEY.ltrans7.ltrans.o
                0x00000000080070c0                usb_event.lto_priv.171
 *fill*         0x00000000080071bc        0x4 
 .text.uart_sendLine
                0x00000000080071c0       0x50 /tmp/ccpOyoEY.ltrans7.ltrans.o
 .text.gyro_cal
                0x0000000008007210      0x160 /tmp/ccpOyoEY.ltrans7.ltrans.o
                0x0000000008007210                gyro_cal
 .text.params_set.part.0.lto_priv.185
                0x0000000008007370      0x14c /tmp/ccpOyoEY.ltrans7.ltrans.o
                0x0000000008007370                params_set.part.0.lto_priv.185
 *fill*         0x00000000080074bc        0x4 
 .text.param_save_flash
                0x00000000080074c0      0x140 /tmp/ccpOyoEY.ltrans7.ltrans.o
                0x00000000080074c0                param_save_flash
 .text.rxend.lto_priv.170
                0x0000000008007600      0x138 /tmp/ccpOyoEY.ltrans7.ltrans.o
                0x0000000008007600                rxend.lto_priv.170
 *fill*         0x0000000008007738        0x8 
 .text.params_set
                0x0000000008007740       0x1c /tmp/ccpOyoEY.ltrans7.ltrans.o
                0x0000000008007740                params_set
 *fill*         0x000000000800775c        0x4 
 .text.params_rx.lto_priv.163
                0x0000000008007760       0xe8 /tmp/ccpOyoEY.ltrans7.ltrans.o
                0x0000000008007760                params_rx.lto_priv.163
 *fill*         0x0000000008007848        0x8 
 .text.params_tx
                0x0000000008007850      0x15c /tmp/ccpOyoEY.ltrans7.ltrans.o
 *fill*         0x00000000080079ac        0x4 
 .text.gimbal_init_thread.lto_priv.156
                0x00000000080079b0      0x630 /tmp/ccpOyoEY.ltrans7.ltrans.o
                0x00000000080079b0                gimbal_init_thread.lto_priv.156
 .text.sdc_lld_is_write_protected
                0x0000000008007fe0        0x4 /tmp/ccpOyoEY.ltrans8.ltrans.o
                0x0000000008007fe0                sdc_lld_is_write_protected
 *fill*         0x0000000008007fe4        0xc 
 .text.sdc_lld_is_card_inserted
                0x0000000008007ff0        0x4 /tmp/ccpOyoEY.ltrans8.ltrans.o
                0x0000000008007ff0                sdc_lld_is_card_inserted
 *fill*         0x0000000008007ff4        0xc 
 .text.serve_usart_irq
                0x0000000008008000       0xc4 /tmp/ccpOyoEY.ltrans8.ltrans.o
 *fill*         0x00000000080080c4        0xc 
 .text.VectorDC
                0x00000000080080d0       0x20 /tmp/ccpOyoEY.ltrans8.ltrans.o
 .text.VectorD4
                0x00000000080080f0       0x20 /tmp/ccpOyoEY.ltrans8.ltrans.o
 .text.uart_lld_serve_tx_end_irq
                0x0000000008008110       0x80 /tmp/ccpOyoEY.ltrans8.ltrans.o
 .text.get_ldnumber.lto_priv.182
                0x0000000008008190       0x7c /tmp/ccpOyoEY.ltrans8.ltrans.o
                0x0000000008008190                get_ldnumber.lto_priv.182
 *fill*         0x000000000800820c        0x4 
 .text.dir_sdi.lto_priv.90
                0x0000000008008210       0xa0 /tmp/ccpOyoEY.ltrans8.ltrans.o
                0x0000000008008210                dir_sdi.lto_priv.90
 .text.create_chain.lto_priv.95
                0x00000000080082b0       0xc4 /tmp/ccpOyoEY.ltrans8.ltrans.o
                0x00000000080082b0                create_chain.lto_priv.95
 *fill*         0x0000000008008374        0xc 
 .text.dir_next.lto_priv.92
                0x0000000008008380      0x138 /tmp/ccpOyoEY.ltrans8.ltrans.o
                0x0000000008008380                dir_next.lto_priv.92
 *fill*         0x00000000080084b8        0x8 
 .text.move_window.lto_priv.86
                0x00000000080084c0       0x34 /tmp/ccpOyoEY.ltrans8.ltrans.o
                0x00000000080084c0                move_window.lto_priv.86
 *fill*         0x00000000080084f4        0xc 
 .text.check_fs
                0x0000000008008500       0x84 /tmp/ccpOyoEY.ltrans8.ltrans.o
 *fill*         0x0000000008008584        0xc 
 .text.disk_write
                0x0000000008008590       0x2c /tmp/ccpOyoEY.ltrans8.ltrans.o
                0x0000000008008590                disk_write
 *fill*         0x00000000080085bc        0x4 
 .text.disk_status
                0x00000000080085c0       0x18 /tmp/ccpOyoEY.ltrans8.ltrans.o
                0x00000000080085c0                disk_status
 *fill*         0x00000000080085d8        0x8 
 .text.find_volume.lto_priv.89
                0x00000000080085e0      0x354 /tmp/ccpOyoEY.ltrans8.ltrans.o
                0x00000000080085e0                find_volume.lto_priv.89
 *fill*         0x0000000008008934        0xc 
 .text.__early_init
                0x0000000008008940       0xc8 /tmp/ccpOyoEY.ltrans8.ltrans.o
                0x0000000008008940                __early_init
 *fill*         0x0000000008008a08        0x8 
 .text.uart_lld_start_receive
                0x0000000008008a10       0x38 /tmp/ccpOyoEY.ltrans8.ltrans.o
                0x0000000008008a10                uart_lld_start_receive
 *fill*         0x0000000008008a48        0x8 
 .text.uart_lld_start
                0x0000000008008a50      0x1f0 /tmp/ccpOyoEY.ltrans8.ltrans.o
                0x0000000008008a50                uart_lld_start
 .text.f_open.constprop.20
                0x0000000008008c40      0x7b8 /tmp/ccpOyoEY.ltrans9.ltrans.o
                0x0000000008008c40                f_open.constprop.20
 *fill*         0x00000000080093f8        0x8 
 .text.f_lseek.constprop.19
                0x0000000008009400       0x18 /tmp/ccpOyoEY.ltrans9.ltrans.o
                0x0000000008009400                f_lseek.constprop.19
 *fill*         0x0000000008009418        0x8 
 .text.sdlog_thread.lto_priv.132
                0x0000000008009420      0x38c /tmp/ccpOyoEY.ltrans9.ltrans.o
                0x0000000008009420                sdlog_thread.lto_priv.132
 *fill*         0x00000000080097ac        0x4 
 .text._strtok.constprop.18
                0x00000000080097b0       0x40 /tmp/ccpOyoEY.ltrans9.ltrans.o
                0x00000000080097b0                _strtok.constprop.18
 .text.Island_thread.lto_priv.125
                0x00000000080097f0      0x408 /tmp/ccpOyoEY.ltrans10.ltrans.o
                0x00000000080097f0                Island_thread.lto_priv.125
 *fill*         0x0000000008009bf8        0x8 
 .text.Attitude_thread.lto_priv.124
                0x0000000008009c00      0x940 /tmp/ccpOyoEY.ltrans10.ltrans.o
                0x0000000008009c00                Attitude_thread.lto_priv.124
 .text.rxend    0x000000000800a540       0x3c /tmp/ccpOyoEY.ltrans11.ltrans.o
 *fill*         0x000000000800a57c        0x4 
 .text.gimbal_encoderUpdate.lto_priv.105
                0x000000000800a580      0x17c /tmp/ccpOyoEY.ltrans11.ltrans.o
                0x000000000800a580                gimbal_encoderUpdate.lto_priv.105
 *fill*         0x000000000800a6fc        0x4 
 .text.uart_dbus_thread.lto_priv.159
                0x000000000800a700      0x3dc /tmp/ccpOyoEY.ltrans11.ltrans.o
                0x000000000800a700                uart_dbus_thread.lto_priv.159
 *fill*         0x000000000800aadc        0x4 
 .text.can_motorSetCurrent
                0x000000000800aae0      0x17c /tmp/ccpOyoEY.ltrans11.ltrans.o
                0x000000000800aae0                can_motorSetCurrent
 *fill*         0x000000000800ac5c        0x4 
 .text.gimbal_thread.lto_priv.157
                0x000000000800ac60      0x588 /tmp/ccpOyoEY.ltrans11.ltrans.o
                0x000000000800ac60                gimbal_thread.lto_priv.157
 *fill*         0x000000000800b1e8        0x8 
 .text.sduInterruptTransmitted
                0x000000000800b1f0        0x4 /tmp/ccpOyoEY.ltrans12.ltrans.o
                0x000000000800b1f0                sduInterruptTransmitted
 *fill*         0x000000000800b1f4        0xc 
 .text.sduRequestsHook
                0x000000000800b200       0x40 /tmp/ccpOyoEY.ltrans12.ltrans.o
                0x000000000800b200                sduRequestsHook
 .text.sdcGetInfo
                0x000000000800b240       0x30 /tmp/ccpOyoEY.ltrans12.ltrans.o
                0x000000000800b240                sdcGetInfo
 .text.sdcSync  0x000000000800b270       0x20 /tmp/ccpOyoEY.ltrans12.ltrans.o
                0x000000000800b270                sdcSync
 .text.sduDataTransmitted
                0x000000000800b290       0xf0 /tmp/ccpOyoEY.ltrans12.ltrans.o
                0x000000000800b290                sduDataTransmitted
 .text.obnotify.lto_priv.166
                0x000000000800b380       0x48 /tmp/ccpOyoEY.ltrans12.ltrans.o
                0x000000000800b380                obnotify.lto_priv.166
 *fill*         0x000000000800b3c8        0x8 
 .text.readt.lto_priv.181
                0x000000000800b3d0       0x20 /tmp/ccpOyoEY.ltrans12.ltrans.o
                0x000000000800b3d0                readt.lto_priv.181
 .text.read.lto_priv.175
                0x000000000800b3f0       0x1c /tmp/ccpOyoEY.ltrans12.ltrans.o
                0x000000000800b3f0                read.lto_priv.175
 *fill*         0x000000000800b40c        0x4 
 .text.writet.lto_priv.180
                0x000000000800b410       0x20 /tmp/ccpOyoEY.ltrans12.ltrans.o
                0x000000000800b410                writet.lto_priv.180
 .text.write.lto_priv.174
                0x000000000800b430       0x1c /tmp/ccpOyoEY.ltrans12.ltrans.o
                0x000000000800b430                write.lto_priv.174
 *fill*         0x000000000800b44c        0x4 
 .text.gett.lto_priv.179
                0x000000000800b450       0x18 /tmp/ccpOyoEY.ltrans12.ltrans.o
                0x000000000800b450                gett.lto_priv.179
 *fill*         0x000000000800b468        0x8 
 .text.get.lto_priv.177
                0x000000000800b470       0x1c /tmp/ccpOyoEY.ltrans12.ltrans.o
                0x000000000800b470                get.lto_priv.177
 *fill*         0x000000000800b48c        0x4 
 .text.putt.lto_priv.178
                0x000000000800b490       0x18 /tmp/ccpOyoEY.ltrans12.ltrans.o
                0x000000000800b490                putt.lto_priv.178
 *fill*         0x000000000800b4a8        0x8 
 .text.put.lto_priv.176
                0x000000000800b4b0       0x1c /tmp/ccpOyoEY.ltrans12.ltrans.o
                0x000000000800b4b0                put.lto_priv.176
 *fill*         0x000000000800b4cc        0x4 
 .text.sdcWrite
                0x000000000800b4d0       0xd4 /tmp/ccpOyoEY.ltrans12.ltrans.o
                0x000000000800b4d0                sdcWrite
 *fill*         0x000000000800b5a4        0xc 
 .text.sdcRead  0x000000000800b5b0       0xdc /tmp/ccpOyoEY.ltrans12.ltrans.o
                0x000000000800b5b0                sdcRead
 *fill*         0x000000000800b68c        0x4 
 .text.sdu_start_receive.lto_priv.102
                0x000000000800b690       0x50 /tmp/ccpOyoEY.ltrans12.ltrans.o
                0x000000000800b690                sdu_start_receive.lto_priv.102
 .text.sduDataReceived
                0x000000000800b6e0       0xc8 /tmp/ccpOyoEY.ltrans12.ltrans.o
                0x000000000800b6e0                sduDataReceived
 *fill*         0x000000000800b7a8        0x8 
 .text.ibnotify.lto_priv.165
                0x000000000800b7b0        0x8 /tmp/ccpOyoEY.ltrans12.ltrans.o
                0x000000000800b7b0                ibnotify.lto_priv.165
 *fill*         0x000000000800b7b8        0x8 
 .text.spiStart
                0x000000000800b7c0      0x160 /tmp/ccpOyoEY.ltrans12.ltrans.o
                0x000000000800b7c0                spiStart
 .text.sdcDisconnect
                0x000000000800b920       0xb4 /tmp/ccpOyoEY.ltrans12.ltrans.o
                0x000000000800b920                sdcDisconnect
 *fill*         0x000000000800b9d4        0xc 
 .text.long_to_string_with_divisor
                0x000000000800b9e0       0x48 /tmp/ccpOyoEY.ltrans13.ltrans.o
 *fill*         0x000000000800ba28        0x8 
 .text.chprintf
                0x000000000800ba30      0x414 /tmp/ccpOyoEY.ltrans13.ltrans.o
                0x000000000800ba30                chprintf
 *fill*         0x000000000800be44        0xc 
 .text.cmd_info
                0x000000000800be50       0xbc /tmp/ccpOyoEY.ltrans13.ltrans.o
 *fill*         0x000000000800bf0c        0x4 
 .text.dir_find.part.7.lto_priv.91
                0x000000000800bf10      0x190 /tmp/ccpOyoEY.ltrans13.ltrans.o
                0x000000000800bf10                dir_find.part.7.lto_priv.91
 .text.put_fat.part.6.lto_priv.93
                0x000000000800c0a0      0x124 /tmp/ccpOyoEY.ltrans13.ltrans.o
                0x000000000800c0a0                put_fat.part.6.lto_priv.93
 *fill*         0x000000000800c1c4        0xc 
 .text.get_fat.part.5.lto_priv.94
                0x000000000800c1d0       0xc4 /tmp/ccpOyoEY.ltrans13.ltrans.o
                0x000000000800c1d0                get_fat.part.5.lto_priv.94
 *fill*         0x000000000800c294        0xc 
 .text.sync_window.part.1.lto_priv.87
                0x000000000800c2a0       0x58 /tmp/ccpOyoEY.ltrans13.ltrans.o
                0x000000000800c2a0                sync_window.part.1.lto_priv.87
 *fill*         0x000000000800c2f8        0x8 
 .text.shell_thread.lto_priv.164
                0x000000000800c300      0x224 /tmp/ccpOyoEY.ltrans13.ltrans.o
                0x000000000800c300                shell_thread.lto_priv.164
 *fill*         0x000000000800c524        0xc 
 .text.cmd_systime
                0x000000000800c530       0x70 /tmp/ccpOyoEY.ltrans13.ltrans.o
 .text.cmd_dbus
                0x000000000800c5a0       0x68 /tmp/ccpOyoEY.ltrans14.ltrans.o
                0x000000000800c5a0                cmd_dbus
 *fill*         0x000000000800c608        0x8 
 .text.cmd_temp
                0x000000000800c610       0x24 /tmp/ccpOyoEY.ltrans14.ltrans.o
                0x000000000800c610                cmd_temp
 *fill*         0x000000000800c634        0xc 
 .text.cmd_test
                0x000000000800c640       0x64 /tmp/ccpOyoEY.ltrans14.ltrans.o
                0x000000000800c640                cmd_test
 *fill*         0x000000000800c6a4        0xc 
 .text.cmd_calibrate
                0x000000000800c6b0      0x978 /tmp/ccpOyoEY.ltrans14.ltrans.o
                0x000000000800c6b0                cmd_calibrate
 *fill*         0x000000000800d028        0x8 
 .text.matlab_thread
                0x000000000800d030       0xa0 /tmp/ccpOyoEY.ltrans14.ltrans.o
 .text.cmd_data
                0x000000000800d0d0       0xd8 /tmp/ccpOyoEY.ltrans14.ltrans.o
                0x000000000800d0d0                cmd_data
 *fill*         0x000000000800d1a8        0x8 
 .text.lift_control.lto_priv.131
                0x000000000800d1b0      0x36c /tmp/ccpOyoEY.ltrans15.ltrans.o
                0x000000000800d1b0                lift_control.lto_priv.131
 *fill*         0x000000000800d51c        0x4 
 .text.chassis_control.lto_priv.142
                0x000000000800d520      0x3a8 /tmp/ccpOyoEY.ltrans15.ltrans.o
                0x000000000800d520                chassis_control.lto_priv.142
 *fill*         0x000000000800d8c8        0x8 
 .text.pwm_thd  0x000000000800d8d0       0x84 /tmp/ccpOyoEY.ltrans15.ltrans.o
 *fill*         0x000000000800d954        0xc 
 .text.Temperature_thread.lto_priv.143
                0x000000000800d960      0x12c /tmp/ccpOyoEY.ltrans15.ltrans.o
                0x000000000800d960                Temperature_thread.lto_priv.143
 *fill*         0x000000000800da8c        0x4 
 .text.extcb10.lto_priv.169
                0x000000000800da90       0x38 /tmp/ccpOyoEY.ltrans15.ltrans.o
                0x000000000800da90                extcb10.lto_priv.169
 *fill*         0x000000000800dac8        0x8 
 .text.gyro_txrx_spi.lto_priv.183
                0x000000000800dad0       0x58 /tmp/ccpOyoEY.ltrans15.ltrans.o
                0x000000000800dad0                gyro_txrx_spi.lto_priv.183
 *fill*         0x000000000800db28        0x8 
 .text.gyro_get_raw_vel
                0x000000000800db30       0x24 /tmp/ccpOyoEY.ltrans15.ltrans.o
                0x000000000800db30                gyro_get_raw_vel
 *fill*         0x000000000800db54        0xc 
 .text.pwm_shooter_init
                0x000000000800db60      0x13c /tmp/ccpOyoEY.ltrans15.ltrans.o
                0x000000000800db60                pwm_shooter_init
 *fill*         0x000000000800dc9c        0x4 
 .text.pwm3init
                0x000000000800dca0       0x54 /tmp/ccpOyoEY.ltrans15.ltrans.o
                0x000000000800dca0                pwm3init
 *fill*         0x000000000800dcf4        0xc 
 .text.gyro_thread.lto_priv.139
                0x000000000800dd00       0xc8 /tmp/ccpOyoEY.ltrans15.ltrans.o
                0x000000000800dd00                gyro_thread.lto_priv.139
 *fill*         0x000000000800ddc8        0x8 
 .text.MotorToggleThread.lto_priv.144
                0x000000000800ddd0      0x158 /tmp/ccpOyoEY.ltrans15.ltrans.o
                0x000000000800ddd0                MotorToggleThread.lto_priv.144
 *fill*         0x000000000800df28        0x8 
 .text.Vector158
                0x000000000800df30       0x38 /tmp/ccpOyoEY.ltrans16.ltrans.o
                0x000000000800df30                Vector158
 *fill*         0x000000000800df68        0x8 
 .text.Vector154
                0x000000000800df70       0x38 /tmp/ccpOyoEY.ltrans16.ltrans.o
                0x000000000800df70                Vector154
 *fill*         0x000000000800dfa8        0x8 
 .text.Vector150
                0x000000000800dfb0       0x38 /tmp/ccpOyoEY.ltrans16.ltrans.o
                0x000000000800dfb0                Vector150
 *fill*         0x000000000800dfe8        0x8 
 .text.Vector130
                0x000000000800dff0       0x34 /tmp/ccpOyoEY.ltrans16.ltrans.o
                0x000000000800dff0                Vector130
 *fill*         0x000000000800e024        0xc 
 .text.Vector12C
                0x000000000800e030       0x38 /tmp/ccpOyoEY.ltrans16.ltrans.o
                0x000000000800e030                Vector12C
 *fill*         0x000000000800e068        0x8 
 .text.Vector128
                0x000000000800e070       0x38 /tmp/ccpOyoEY.ltrans16.ltrans.o
                0x000000000800e070                Vector128
 *fill*         0x000000000800e0a8        0x8 
 .text.Vector124
                0x000000000800e0b0       0x38 /tmp/ccpOyoEY.ltrans16.ltrans.o
                0x000000000800e0b0                Vector124
 *fill*         0x000000000800e0e8        0x8 
 .text.Vector120
                0x000000000800e0f0       0x34 /tmp/ccpOyoEY.ltrans16.ltrans.o
                0x000000000800e0f0                Vector120
 *fill*         0x000000000800e124        0xc 
 .text.VectorFC
                0x000000000800e130       0x38 /tmp/ccpOyoEY.ltrans16.ltrans.o
                0x000000000800e130                VectorFC
 *fill*         0x000000000800e168        0x8 
 .text.Vector84
                0x000000000800e170       0x38 /tmp/ccpOyoEY.ltrans16.ltrans.o
                0x000000000800e170                Vector84
 *fill*         0x000000000800e1a8        0x8 
 .text.Vector80
                0x000000000800e1b0       0x38 /tmp/ccpOyoEY.ltrans16.ltrans.o
                0x000000000800e1b0                Vector80
 *fill*         0x000000000800e1e8        0x8 
 .text.Vector7C
                0x000000000800e1f0       0x34 /tmp/ccpOyoEY.ltrans16.ltrans.o
                0x000000000800e1f0                Vector7C
 *fill*         0x000000000800e224        0xc 
 .text.Vector78
                0x000000000800e230       0x38 /tmp/ccpOyoEY.ltrans16.ltrans.o
                0x000000000800e230                Vector78
 *fill*         0x000000000800e268        0x8 
 .text.Vector74
                0x000000000800e270       0x38 /tmp/ccpOyoEY.ltrans16.ltrans.o
                0x000000000800e270                Vector74
 *fill*         0x000000000800e2a8        0x8 
 .text.Vector70
                0x000000000800e2b0       0x38 /tmp/ccpOyoEY.ltrans16.ltrans.o
                0x000000000800e2b0                Vector70
 *fill*         0x000000000800e2e8        0x8 
 .text.Vector6C
                0x000000000800e2f0       0x34 /tmp/ccpOyoEY.ltrans16.ltrans.o
                0x000000000800e2f0                Vector6C
 *fill*         0x000000000800e324        0xc 
 .text.VectorB0
                0x000000000800e330       0xf4 /tmp/ccpOyoEY.ltrans16.ltrans.o
                0x000000000800e330                VectorB0
 *fill*         0x000000000800e424        0xc 
 .text._usb_ep0out
                0x000000000800e430       0xa8 /tmp/ccpOyoEY.ltrans16.ltrans.o
                0x000000000800e430                _usb_ep0out
 *fill*         0x000000000800e4d8        0x8 
 .text._usb_ep0in
                0x000000000800e4e0       0xf0 /tmp/ccpOyoEY.ltrans16.ltrans.o
                0x000000000800e4e0                _usb_ep0in
 .text.can_lld_rx1_handler.lto_priv.193
                0x000000000800e5d0       0x78 /tmp/ccpOyoEY.ltrans16.ltrans.o
                0x000000000800e5d0                can_lld_rx1_handler.lto_priv.193
 *fill*         0x000000000800e648        0x8 
 .text.can_lld_rx0_handler.lto_priv.194
                0x000000000800e650       0x78 /tmp/ccpOyoEY.ltrans16.ltrans.o
                0x000000000800e650                can_lld_rx0_handler.lto_priv.194
 *fill*         0x000000000800e6c8        0x8 
 .text.can_lld_tx_handler.lto_priv.195
                0x000000000800e6d0       0x74 /tmp/ccpOyoEY.ltrans16.ltrans.o
                0x000000000800e6d0                can_lld_tx_handler.lto_priv.195
 *fill*         0x000000000800e744        0xc 
 .text.dmaStreamAllocate
                0x000000000800e750       0xd0 /tmp/ccpOyoEY.ltrans16.ltrans.o
                0x000000000800e750                dmaStreamAllocate
 .text.chSchWakeupS.constprop.81
                0x000000000800e820       0x90 /tmp/ccpOyoEY.ltrans17.ltrans.o
                0x000000000800e820                chSchWakeupS.constprop.81
 .text.chThdResumeS.constprop.78
                0x000000000800e8b0       0x2c /tmp/ccpOyoEY.ltrans17.ltrans.o
                0x000000000800e8b0                chThdResumeS.constprop.78
 *fill*         0x000000000800e8dc        0x4 
 .text.can_lld_set_filters.constprop.71
                0x000000000800e8e0      0x114 /tmp/ccpOyoEY.ltrans17.ltrans.o
                0x000000000800e8e0                can_lld_set_filters.constprop.71
 *fill*         0x000000000800e9f4        0xc 
 .text.ext_lld_channel_enable.constprop.55
                0x000000000800ea00       0xa8 /tmp/ccpOyoEY.ltrans17.ltrans.o
                0x000000000800ea00                ext_lld_channel_enable.constprop.55
 *fill*         0x000000000800eaa8        0x8 
 .text.disk_read.constprop.31
                0x000000000800eab0       0x24 /tmp/ccpOyoEY.ltrans17.ltrans.o
                0x000000000800eab0                disk_read.constprop.31
 *fill*         0x000000000800ead4        0xc 
 .text.validate.constprop.28
                0x000000000800eae0       0x30 /tmp/ccpOyoEY.ltrans17.ltrans.o
                0x000000000800eae0                validate.constprop.28
 .text.f_sync.constprop.23
                0x000000000800eb10      0x16c /tmp/ccpOyoEY.ltrans17.ltrans.o
                0x000000000800eb10                f_sync.constprop.23
 *fill*         0x000000000800ec7c        0x4 
 .text.f_close.constprop.22
                0x000000000800ec80       0x1c /tmp/ccpOyoEY.ltrans17.ltrans.o
                0x000000000800ec80                f_close.constprop.22
 *fill*         0x000000000800ec9c        0x4 
 .text.chThdResume.constprop.77
                0x000000000800eca0       0x4c /tmp/ccpOyoEY.ltrans17.ltrans.o
                0x000000000800eca0                chThdResume.constprop.77
 *fill*         0x000000000800ecec        0x4 
 .text.uartStartSend.constprop.39
                0x000000000800ecf0       0xb0 /tmp/ccpOyoEY.ltrans17.ltrans.o
                0x000000000800ecf0                uartStartSend.constprop.39
 .text.uartStopSend.constprop.37
                0x000000000800eda0       0x8c /tmp/ccpOyoEY.ltrans17.ltrans.o
                0x000000000800eda0                uartStopSend.constprop.37
 *fill*         0x000000000800ee2c        0x4 
 .text.__fpclassifyf
                0x000000000800ee30       0x38 /usr/lib/gcc/arm-none-eabi/4.9.3/../../../arm-none-eabi/lib/armv7e-m/fpu/libm.a(lib_a-sf_fpclassify.o)
                0x000000000800ee30                __fpclassifyf
 *fill*         0x000000000800ee68        0x8 
 .text.cosf     0x000000000800ee70       0x78 /usr/lib/gcc/arm-none-eabi/4.9.3/../../../arm-none-eabi/lib/armv7e-m/fpu/libm.a(lib_a-sf_cos.o)
                0x000000000800ee70                cosf
 *fill*         0x000000000800eee8        0x8 
 .text.sinf     0x000000000800eef0       0x7c /usr/lib/gcc/arm-none-eabi/4.9.3/../../../arm-none-eabi/lib/armv7e-m/fpu/libm.a(lib_a-sf_sin.o)
                0x000000000800eef0                sinf
 *fill*         0x000000000800ef6c        0x4 
 .text.tanf     0x000000000800ef70       0x5c /usr/lib/gcc/arm-none-eabi/4.9.3/../../../arm-none-eabi/lib/armv7e-m/fpu/libm.a(lib_a-sf_tan.o)
                0x000000000800ef70                tanf
 *fill*         0x000000000800efcc        0x4 
 .text.asinf    0x000000000800efd0       0xbc /usr/lib/gcc/arm-none-eabi/4.9.3/../../../arm-none-eabi/lib/armv7e-m/fpu/libm.a(lib_a-wf_asin.o)
                0x000000000800efd0                asinf
 *fill*         0x000000000800f08c        0x4 
 .text.atan2f   0x000000000800f090        0x4 /usr/lib/gcc/arm-none-eabi/4.9.3/../../../arm-none-eabi/lib/armv7e-m/fpu/libm.a(lib_a-wf_atan2.o)
                0x000000000800f090                atan2f
 *fill*         0x000000000800f094        0xc 
 .text.sqrtf    0x000000000800f0a0       0xb8 /usr/lib/gcc/arm-none-eabi/4.9.3/../../../arm-none-eabi/lib/armv7e-m/fpu/libm.a(lib_a-wf_sqrt.o)
                0x000000000800f0a0                sqrtf
 *fill*         0x000000000800f158        0x8 
 .text.__ieee754_asinf
                0x000000000800f160      0x1f8 /usr/lib/gcc/arm-none-eabi/4.9.3/../../../arm-none-eabi/lib/armv7e-m/fpu/libm.a(lib_a-ef_asin.o)
                0x000000000800f160                __ieee754_asinf
 *fill*         0x000000000800f358        0x8 
 .text.__ieee754_atan2f
                0x000000000800f360      0x16c /usr/lib/gcc/arm-none-eabi/4.9.3/../../../arm-none-eabi/lib/armv7e-m/fpu/libm.a(lib_a-ef_atan2.o)
                0x000000000800f360                __ieee754_atan2f
 *fill*         0x000000000800f4cc        0x4 
 .text.__ieee754_rem_pio2f
                0x000000000800f4d0      0x290 /usr/lib/gcc/arm-none-eabi/4.9.3/../../../arm-none-eabi/lib/armv7e-m/fpu/libm.a(lib_a-ef_rem_pio2.o)
                0x000000000800f4d0                __ieee754_rem_pio2f
 .text.__ieee754_sqrtf
                0x000000000800f760       0xa4 /usr/lib/gcc/arm-none-eabi/4.9.3/../../../arm-none-eabi/lib/armv7e-m/fpu/libm.a(lib_a-ef_sqrt.o)
                0x000000000800f760                __ieee754_sqrtf
 *fill*         0x000000000800f804        0xc 
 .text.__kernel_cosf
                0x000000000800f810      0x104 /usr/lib/gcc/arm-none-eabi/4.9.3/../../../arm-none-eabi/lib/armv7e-m/fpu/libm.a(lib_a-kf_cos.o)
                0x000000000800f810                __kernel_cosf
 *fill*         0x000000000800f914        0xc 
 .text.__kernel_rem_pio2f
                0x000000000800f920      0x5e4 /usr/lib/gcc/arm-none-eabi/4.9.3/../../../arm-none-eabi/lib/armv7e-m/fpu/libm.a(lib_a-kf_rem_pio2.o)
                0x000000000800f920                __kernel_rem_pio2f
 *fill*         0x000000000800ff04        0xc 
 .text.__kernel_sinf
                0x000000000800ff10       0x90 /usr/lib/gcc/arm-none-eabi/4.9.3/../../../arm-none-eabi/lib/armv7e-m/fpu/libm.a(lib_a-kf_sin.o)
                0x000000000800ff10                __kernel_sinf
 .text.__kernel_tanf
                0x000000000800ffa0      0x1d0 /usr/lib/gcc/arm-none-eabi/4.9.3/../../../arm-none-eabi/lib/armv7e-m/fpu/libm.a(lib_a-kf_tan.o)
                0x000000000800ffa0                __kernel_tanf
 .text.matherr  0x0000000008010170        0x4 /usr/lib/gcc/arm-none-eabi/4.9.3/../../../arm-none-eabi/lib/armv7e-m/fpu/libm.a(lib_a-s_matherr.o)
                0x0000000008010170                matherr
 *fill*         0x0000000008010174        0xc 
 .text.nan      0x0000000008010180       0x10 /usr/lib/gcc/arm-none-eabi/4.9.3/../../../arm-none-eabi/lib/armv7e-m/fpu/libm.a(lib_a-s_nan.o)
                0x0000000008010180                nan
 .text.atanf    0x0000000008010190      0x1b8 /usr/lib/gcc/arm-none-eabi/4.9.3/../../../arm-none-eabi/lib/armv7e-m/fpu/libm.a(lib_a-sf_atan.o)
                0x0000000008010190                atanf
 *fill*         0x0000000008010348        0x8 
 .text.fabsf    0x0000000008010350       0x10 /usr/lib/gcc/arm-none-eabi/4.9.3/../../../arm-none-eabi/lib/armv7e-m/fpu/libm.a(lib_a-sf_fabs.o)
                0x0000000008010350                fabsf
 .text.floorf   0x0000000008010360       0x90 /usr/lib/gcc/arm-none-eabi/4.9.3/../../../arm-none-eabi/lib/armv7e-m/fpu/libm.a(lib_a-sf_floor.o)
                0x0000000008010360                floorf
 .text.scalbnf  0x00000000080103f0       0xd0 /usr/lib/gcc/arm-none-eabi/4.9.3/../../../arm-none-eabi/lib/armv7e-m/fpu/libm.a(lib_a-sf_scalbn.o)
                0x00000000080103f0                scalbnf
 .text.copysignf
                0x00000000080104c0       0x18 /usr/lib/gcc/arm-none-eabi/4.9.3/../../../arm-none-eabi/lib/armv7e-m/fpu/libm.a(lib_a-sf_copysign.o)
                0x00000000080104c0                copysignf
 *fill*         0x00000000080104d8        0x8 
 .text.__errno  0x00000000080104e0        0xc /usr/lib/gcc/arm-none-eabi/4.9.3/../../../arm-none-eabi/lib/armv7e-m/fpu/libg.a(lib_a-errno.o)
                0x00000000080104e0                __errno
 *fill*         0x00000000080104ec        0x4 
 .text.memset   0x00000000080104f0       0x9c /usr/lib/gcc/arm-none-eabi/4.9.3/../../../arm-none-eabi/lib/armv7e-m/fpu/libg.a(lib_a-memset.o)
                0x00000000080104f0                memset
 *fill*         0x000000000801058c        0x4 
 .text.strlen   0x0000000008010590       0x5c /usr/lib/gcc/arm-none-eabi/4.9.3/../../../arm-none-eabi/lib/armv7e-m/fpu/libg.a(lib_a-strlen.o)
                0x0000000008010590                strlen
 *fill*         0x00000000080105ec        0x4 
 .text.strpbrk  0x00000000080105f0       0x48 /usr/lib/gcc/arm-none-eabi/4.9.3/../../../arm-none-eabi/lib/armv7e-m/fpu/libg.a(lib_a-strpbrk.o)
                0x00000000080105f0                strpbrk
 *fill*         0x0000000008010638        0x8 
 .text.strspn   0x0000000008010640       0x34 /usr/lib/gcc/arm-none-eabi/4.9.3/../../../arm-none-eabi/lib/armv7e-m/fpu/libg.a(lib_a-strspn.o)
                0x0000000008010640                strspn
 *(.rodata)
 *fill*         0x0000000008010674        0xc 
 .rodata        0x0000000008010680        0xc /tmp/ccpOyoEY.ltrans0.ltrans.o
 *(.rodata.*)
 *fill*         0x000000000801068c        0x4 
 .rodata._yaw_atti_name
                0x0000000008010690       0x10 /tmp/ccpOyoEY.ltrans0.ltrans.o
 .rodata.__func__.8730
                0x00000000080106a0        0x9 /tmp/ccpOyoEY.ltrans0.ltrans.o
 *fill*         0x00000000080106a9        0x7 
 .rodata.subname_accl
                0x00000000080106b0       0x24 /tmp/ccpOyoEY.ltrans0.ltrans.o
 *fill*         0x00000000080106d4        0xc 
 .rodata.__func__.6336.lto_priv.137
                0x00000000080106e0        0xc /tmp/ccpOyoEY.ltrans0.ltrans.o
                0x00000000080106e0                __func__.6336.lto_priv.137
 *fill*         0x00000000080106ec        0x4 
 .rodata.subname_PID.lto_priv.129
                0x00000000080106f0        0x9 /tmp/ccpOyoEY.ltrans0.ltrans.o
 *fill*         0x00000000080106f9        0x7 
 .rodata.subname_ff
                0x0000000008010700       0x2b /tmp/ccpOyoEY.ltrans0.ltrans.o
 *fill*         0x000000000801072b        0x5 
 .rodata.ch_debug
                0x0000000008010730       0x16 /tmp/ccpOyoEY.ltrans0.ltrans.o
 *fill*         0x0000000008010746        0xa 
 .rodata.__func__.8806
                0x0000000008010750        0x9 /tmp/ccpOyoEY.ltrans0.ltrans.o
 *fill*         0x0000000008010759        0x7 
 .rodata.BLvelName
                0x0000000008010760        0x4 /tmp/ccpOyoEY.ltrans0.ltrans.o
 *fill*         0x0000000008010764        0xc 
 .rodata._pitch_vel_name
                0x0000000008010770       0x11 /tmp/ccpOyoEY.ltrans0.ltrans.o
 *fill*         0x0000000008010781        0xf 
 .rodata.vmt    0x0000000008010790       0x20 /tmp/ccpOyoEY.ltrans0.ltrans.o
 .rodata.BLLName
                0x00000000080107b0        0x4 /tmp/ccpOyoEY.ltrans0.ltrans.o
 *fill*         0x00000000080107b4        0xc 
 .rodata.weightSubName
                0x00000000080107c0        0x4 /tmp/ccpOyoEY.ltrans0.ltrans.o
 *fill*         0x00000000080107c4        0xc 
 .rodata.__func__.8426
                0x00000000080107d0        0x9 /tmp/ccpOyoEY.ltrans0.ltrans.o
 *fill*         0x00000000080107d9        0x7 
 .rodata.__func__.6022
                0x00000000080107e0        0xc /tmp/ccpOyoEY.ltrans0.ltrans.o
 *fill*         0x00000000080107ec        0x4 
 .rodata.subname_gyro_cal
                0x00000000080107f0        0xc /tmp/ccpOyoEY.ltrans0.ltrans.o
 *fill*         0x00000000080107fc        0x4 
 .rodata.usbcfg
                0x0000000008010800       0x10 /tmp/ccpOyoEY.ltrans0.ltrans.o
 .rodata._yaw_vel_name
                0x0000000008010810        0xf /tmp/ccpOyoEY.ltrans0.ltrans.o
 *fill*         0x000000000801081f        0x1 
 .rodata.FLLName
                0x0000000008010820        0x4 /tmp/ccpOyoEY.ltrans0.ltrans.o
 *fill*         0x0000000008010824        0xc 
 .rodata.FLvelName
                0x0000000008010830        0x4 /tmp/ccpOyoEY.ltrans0.ltrans.o
 *fill*         0x0000000008010834        0xc 
 .rodata.sdc_vmt
                0x0000000008010840       0x20 /tmp/ccpOyoEY.ltrans0.ltrans.o
 .rodata.pitch_pos_name
                0x0000000008010860       0x11 /tmp/ccpOyoEY.ltrans0.ltrans.o
 *fill*         0x0000000008010871        0xf 
 .rodata.yaw_pos_name
                0x0000000008010880        0xf /tmp/ccpOyoEY.ltrans0.ltrans.o
 *fill*         0x000000000801088f        0x1 
 .rodata.axis_ff_name
                0x0000000008010890        0xf /tmp/ccpOyoEY.ltrans0.ltrans.o
 *fill*         0x000000000801089f        0x1 
 .rodata.accl_name
                0x00000000080108a0        0xf /tmp/ccpOyoEY.ltrans0.ltrans.o
 *fill*         0x00000000080108af        0x1 
 .rodata.subname_PID.lto_priv.128
                0x00000000080108b0        0x9 /tmp/ccpOyoEY.ltrans0.ltrans.o
 *fill*         0x00000000080108b9        0x7 
 .rodata.FRvelName
                0x00000000080108c0        0x4 /tmp/ccpOyoEY.ltrans0.ltrans.o
 *fill*         0x00000000080108c4        0xc 
 .rodata.FRLName
                0x00000000080108d0        0x4 /tmp/ccpOyoEY.ltrans0.ltrans.o
 *fill*         0x00000000080108d4        0xc 
 .rodata.serusbcfg
                0x00000000080108e0        0x8 /tmp/ccpOyoEY.ltrans0.ltrans.o
 *fill*         0x00000000080108e8        0x8 
 .rodata.extcfg
                0x00000000080108f0       0xb8 /tmp/ccpOyoEY.ltrans0.ltrans.o
 *fill*         0x00000000080109a8        0x8 
 .rodata.fsparams
                0x00000000080109b0        0xc /tmp/ccpOyoEY.ltrans0.ltrans.o
 *fill*         0x00000000080109bc        0x4 
 .rodata.subname_axis
                0x00000000080109c0       0x11 /tmp/ccpOyoEY.ltrans0.ltrans.o
 *fill*         0x00000000080109d1        0xf 
 .rodata._pitch_atti_name
                0x00000000080109e0       0x12 /tmp/ccpOyoEY.ltrans0.ltrans.o
 *fill*         0x00000000080109f2        0xe 
 .rodata.sdccfg
                0x0000000008010a00        0x8 /tmp/ccpOyoEY.ltrans0.ltrans.o
 *fill*         0x0000000008010a08        0x8 
 .rodata.shell_cfg1
                0x0000000008010a10        0x8 /tmp/ccpOyoEY.ltrans0.ltrans.o
 *fill*         0x0000000008010a18        0x8 
 .rodata.__func__.8485
                0x0000000008010a20       0x13 /tmp/ccpOyoEY.ltrans0.ltrans.o
 *fill*         0x0000000008010a33        0xd 
 .rodata.__func__.8731
                0x0000000008010a40        0xe /tmp/ccpOyoEY.ltrans0.ltrans.o
 *fill*         0x0000000008010a4e        0x2 
 .rodata._stm32_dma_streams
                0x0000000008010a50       0xc0 /tmp/ccpOyoEY.ltrans0.ltrans.o
 .rodata.init_pos_name
                0x0000000008010b10       0x10 /tmp/ccpOyoEY.ltrans0.ltrans.o
 .rodata.cancfg
                0x0000000008010b20        0x8 /tmp/ccpOyoEY.ltrans0.ltrans.o
 *fill*         0x0000000008010b28        0x8 
 .rodata.__func__.6336.lto_priv.138
                0x0000000008010b30        0xc /tmp/ccpOyoEY.ltrans0.ltrans.o
 *fill*         0x0000000008010b3c        0x4 
 .rodata.gyro_cal_name
                0x0000000008010b40        0x9 /tmp/ccpOyoEY.ltrans0.ltrans.o
 *fill*         0x0000000008010b49        0x7 
 .rodata.commands
                0x0000000008010b50       0x38 /tmp/ccpOyoEY.ltrans0.ltrans.o
 *fill*         0x0000000008010b88        0x8 
 .rodata.weightName
                0x0000000008010b90        0x4 /tmp/ccpOyoEY.ltrans0.ltrans.o
 *fill*         0x0000000008010b94        0xc 
 .rodata.subname_PI.lto_priv.140
                0x0000000008010ba0        0x6 /tmp/ccpOyoEY.ltrans0.ltrans.o
 *fill*         0x0000000008010ba6        0xa 
 .rodata.__func__.8371.lto_priv.145
                0x0000000008010bb0        0x9 /tmp/ccpOyoEY.ltrans0.ltrans.o
 *fill*         0x0000000008010bb9        0x7 
 .rodata.BRvelName
                0x0000000008010bc0        0x4 /tmp/ccpOyoEY.ltrans0.ltrans.o
 *fill*         0x0000000008010bc4        0xc 
 .rodata.hsparams
                0x0000000008010bd0        0xc /tmp/ccpOyoEY.ltrans0.ltrans.o
 *fill*         0x0000000008010bdc        0x4 
 .rodata.__func__.8371.lto_priv.146
                0x0000000008010be0        0x9 /tmp/ccpOyoEY.ltrans0.ltrans.o
 *fill*         0x0000000008010be9        0x7 
 .rodata.BRLName
                0x0000000008010bf0        0x4 /tmp/ccpOyoEY.ltrans0.ltrans.o
 *fill*         0x0000000008010bf4        0xc 
 .rodata.__func__.8380
                0x0000000008010c00       0x11 /tmp/ccpOyoEY.ltrans0.ltrans.o
 *fill*         0x0000000008010c11        0xf 
 .rodata.str1.4
                0x0000000008010c20       0x88 /tmp/ccpOyoEY.ltrans0.ltrans.o
                                         0x90 (size before relaxing)
 *fill*         0x0000000008010ca8        0x8 
 .rodata.subname_PI.lto_priv.141
                0x0000000008010cb0        0x6 /tmp/ccpOyoEY.ltrans0.ltrans.o
 *fill*         0x0000000008010cb6        0xa 
 .rodata.__func__.6506
                0x0000000008010cc0        0xc /tmp/ccpOyoEY.ltrans0.ltrans.o
 *fill*         0x0000000008010ccc        0x4 
 .rodata.__func__.8374
                0x0000000008010cd0        0xb /tmp/ccpOyoEY.ltrans1.ltrans.o
 *fill*         0x0000000008010cdb        0x5 
 .rodata.__func__.6762
                0x0000000008010ce0        0xd /tmp/ccpOyoEY.ltrans1.ltrans.o
 *fill*         0x0000000008010ced        0x3 
 .rodata.__func__.6196
                0x0000000008010cf0        0xc /tmp/ccpOyoEY.ltrans1.ltrans.o
 *fill*         0x0000000008010cfc        0x4 
 .rodata.__func__.8708
                0x0000000008010d00       0x19 /tmp/ccpOyoEY.ltrans1.ltrans.o
 *fill*         0x0000000008010d19        0x7 
 .rodata.__func__.8715
                0x0000000008010d20       0x17 /tmp/ccpOyoEY.ltrans1.ltrans.o
 *fill*         0x0000000008010d37        0x9 
 .rodata.__func__.6803
                0x0000000008010d40        0xd /tmp/ccpOyoEY.ltrans1.ltrans.o
 *fill*         0x0000000008010d4d        0x3 
 .rodata.__func__.6791
                0x0000000008010d50        0xe /tmp/ccpOyoEY.ltrans1.ltrans.o
 *fill*         0x0000000008010d5e        0x2 
 .rodata.__func__.6728
                0x0000000008010d60        0xb /tmp/ccpOyoEY.ltrans1.ltrans.o
 *fill*         0x0000000008010d6b        0x5 
 .rodata.str1.4
                0x0000000008010d70       0x4d /tmp/ccpOyoEY.ltrans1.ltrans.o
 *fill*         0x0000000008010dbd        0x3 
 .rodata.ram_areas
                0x0000000008010dc0       0x80 /tmp/ccpOyoEY.ltrans1.ltrans.o
 .rodata.__func__.6737
                0x0000000008010e40        0xd /tmp/ccpOyoEY.ltrans1.ltrans.o
 *fill*         0x0000000008010e4d        0x3 
 .rodata.__func__.6022
                0x0000000008010e50        0xc /tmp/ccpOyoEY.ltrans1.ltrans.o
 *fill*         0x0000000008010e5c        0x4 
 .rodata.__func__.6745
                0x0000000008010e60       0x15 /tmp/ccpOyoEY.ltrans1.ltrans.o
 *fill*         0x0000000008010e75        0xb 
 .rodata.__func__.6725
                0x0000000008010e80        0xc /tmp/ccpOyoEY.ltrans1.ltrans.o
 *fill*         0x0000000008010e8c        0x4 
 .rodata.__func__.6781
                0x0000000008010e90        0xb /tmp/ccpOyoEY.ltrans1.ltrans.o
 *fill*         0x0000000008010e9b        0x5 
 .rodata.__func__.8367
                0x0000000008010ea0        0xd /tmp/ccpOyoEY.ltrans1.ltrans.o
 *fill*         0x0000000008010ead        0x3 
 .rodata.__func__.8763
                0x0000000008010eb0       0x11 /tmp/ccpOyoEY.ltrans2.ltrans.o
 *fill*         0x0000000008010ec1        0xf 
 .rodata.__func__.8431
                0x0000000008010ed0        0xb /tmp/ccpOyoEY.ltrans2.ltrans.o
 *fill*         0x0000000008010edb        0x5 
 .rodata.__func__.8771
                0x0000000008010ee0       0x12 /tmp/ccpOyoEY.ltrans2.ltrans.o
 *fill*         0x0000000008010ef2        0xe 
 .rodata.__func__.8379
                0x0000000008010f00        0xa /tmp/ccpOyoEY.ltrans2.ltrans.o
 *fill*         0x0000000008010f0a        0x6 
 .rodata.__func__.8435
                0x0000000008010f10        0xe /tmp/ccpOyoEY.ltrans2.ltrans.o
 *fill*         0x0000000008010f1e        0x2 
 .rodata.__func__.8747
                0x0000000008010f20       0x11 /tmp/ccpOyoEY.ltrans2.ltrans.o
 *fill*         0x0000000008010f31        0xf 
 .rodata.__func__.8439
                0x0000000008010f40        0xe /tmp/ccpOyoEY.ltrans2.ltrans.o
 *fill*         0x0000000008010f4e        0x2 
 .rodata.__func__.8425
                0x0000000008010f50        0x8 /tmp/ccpOyoEY.ltrans2.ltrans.o
 *fill*         0x0000000008010f58        0x8 
 .rodata.zero_status
                0x0000000008010f60        0x2 /tmp/ccpOyoEY.ltrans2.ltrans.o
 *fill*         0x0000000008010f62        0xe 
 .rodata.active_status
                0x0000000008010f70        0x2 /tmp/ccpOyoEY.ltrans2.ltrans.o
 *fill*         0x0000000008010f72        0xe 
 .rodata.__func__.6728
                0x0000000008010f80        0xb /tmp/ccpOyoEY.ltrans2.ltrans.o
 *fill*         0x0000000008010f8b        0x5 
 .rodata.__func__.6751
                0x0000000008010f90        0xc /tmp/ccpOyoEY.ltrans2.ltrans.o
 *fill*         0x0000000008010f9c        0x4 
 .rodata.__func__.8383
                0x0000000008010fa0        0xc /tmp/ccpOyoEY.ltrans2.ltrans.o
 *fill*         0x0000000008010fac        0x4 
 .rodata.__func__.8752
                0x0000000008010fb0       0x15 /tmp/ccpOyoEY.ltrans2.ltrans.o
 *fill*         0x0000000008010fc5        0xb 
 .rodata.halted_status
                0x0000000008010fd0        0x2 /tmp/ccpOyoEY.ltrans2.ltrans.o
 *fill*         0x0000000008010fd2        0xe 
 .rodata.__func__.6022.lto_priv.200
                0x0000000008010fe0        0xc /tmp/ccpOyoEY.ltrans2.ltrans.o
 *fill*         0x0000000008010fec        0x4 
 .rodata.__func__.6022.lto_priv.201
                0x0000000008010ff0        0xc /tmp/ccpOyoEY.ltrans2.ltrans.o
                0x0000000008010ff0                __func__.6022.lto_priv.201
 *fill*         0x0000000008010ffc        0x4 
 .rodata.__func__.8766
                0x0000000008011000       0x1a /tmp/ccpOyoEY.ltrans3.ltrans.o
 *fill*         0x000000000801101a        0x6 
 .rodata.__func__.8377
                0x0000000008011020       0x14 /tmp/ccpOyoEY.ltrans3.ltrans.o
 *fill*         0x0000000008011034        0xc 
 .rodata.__func__.8816
                0x0000000008011040        0xb /tmp/ccpOyoEY.ltrans3.ltrans.o
 *fill*         0x000000000801104b        0x5 
 .rodata.__func__.6022.lto_priv.208
                0x0000000008011050        0xc /tmp/ccpOyoEY.ltrans3.ltrans.o
 *fill*         0x000000000801105c        0x4 
 .rodata.__func__.6336.lto_priv.212
                0x0000000008011060        0xc /tmp/ccpOyoEY.ltrans3.ltrans.o
                0x0000000008011060                __func__.6336.lto_priv.212
 *fill*         0x000000000801106c        0x4 
 .rodata.__func__.8386
                0x0000000008011070       0x11 /tmp/ccpOyoEY.ltrans3.ltrans.o
 *fill*         0x0000000008011081        0xf 
 .rodata.__func__.8775
                0x0000000008011090       0x13 /tmp/ccpOyoEY.ltrans3.ltrans.o
 *fill*         0x00000000080110a3        0xd 
 .rodata.__func__.8784
                0x00000000080110b0       0x12 /tmp/ccpOyoEY.ltrans3.ltrans.o
 *fill*         0x00000000080110c2        0xe 
 .rodata.__func__.6022.lto_priv.207
                0x00000000080110d0        0xc /tmp/ccpOyoEY.ltrans3.ltrans.o
 *fill*         0x00000000080110dc        0x4 
 .rodata.__func__.8370
                0x00000000080110e0       0x11 /tmp/ccpOyoEY.ltrans3.ltrans.o
 *fill*         0x00000000080110f1        0xf 
 .rodata.__func__.8395
                0x0000000008011100        0xe /tmp/ccpOyoEY.ltrans4.ltrans.o
 *fill*         0x000000000801110e        0x2 
 .rodata.__func__.8732
                0x0000000008011110       0x1b /tmp/ccpOyoEY.ltrans4.ltrans.o
 *fill*         0x000000000801112b        0x5 
 .rodata.str1.4
                0x0000000008011130       0x19 /tmp/ccpOyoEY.ltrans4.ltrans.o
 *fill*         0x0000000008011149        0x7 
 .rodata.__func__.6336.lto_priv.191
                0x0000000008011150        0xc /tmp/ccpOyoEY.ltrans4.ltrans.o
 *fill*         0x000000000801115c        0x4 
 .rodata.__func__.6336.lto_priv.192
                0x0000000008011160        0xc /tmp/ccpOyoEY.ltrans4.ltrans.o
 *fill*         0x000000000801116c        0x4 
 .rodata.__func__.8686
                0x0000000008011170       0x1b /tmp/ccpOyoEY.ltrans4.ltrans.o
 *fill*         0x000000000801118b        0x5 
 .rodata.__func__.8425
                0x0000000008011190        0xe /tmp/ccpOyoEY.ltrans5.ltrans.o
 *fill*         0x000000000801119e        0x2 
 .rodata.__func__.8726.lto_priv.197
                0x00000000080111a0        0xe /tmp/ccpOyoEY.ltrans5.ltrans.o
                0x00000000080111a0                __func__.8726.lto_priv.197
 *fill*         0x00000000080111ae        0x2 
 .rodata.ep0config
                0x00000000080111b0       0x24 /tmp/ccpOyoEY.ltrans5.ltrans.o
 *fill*         0x00000000080111d4        0xc 
 .rodata.__func__.6723
                0x00000000080111e0       0x1b /tmp/ccpOyoEY.ltrans6.ltrans.o
 *fill*         0x00000000080111fb        0x5 
 .rodata.str1.4
                0x0000000008011200       0x35 /tmp/ccpOyoEY.ltrans6.ltrans.o
 *fill*         0x0000000008011235        0xb 
 .rodata.__func__.6022
                0x0000000008011240        0xc /tmp/ccpOyoEY.ltrans6.ltrans.o
 *fill*         0x000000000801124c        0x4 
 .rodata.__func__.8405
                0x0000000008011250        0xb /tmp/ccpOyoEY.ltrans6.ltrans.o
 *fill*         0x000000000801125b        0x5 
 .rodata.vcom_configuration_descriptor_data
                0x0000000008011260       0x43 /tmp/ccpOyoEY.ltrans7.ltrans.o
 *fill*         0x00000000080112a3        0xd 
 .rodata.__func__.8450
                0x00000000080112b0        0xc /tmp/ccpOyoEY.ltrans7.ltrans.o
 *fill*         0x00000000080112bc        0x4 
 .rodata.ep2config
                0x00000000080112c0       0x24 /tmp/ccpOyoEY.ltrans7.ltrans.o
 *fill*         0x00000000080112e4        0xc 
 .rodata.vcom_device_descriptor
                0x00000000080112f0        0x8 /tmp/ccpOyoEY.ltrans7.ltrans.o
 *fill*         0x00000000080112f8        0x8 
 .rodata.vcom_string3
                0x0000000008011300        0x8 /tmp/ccpOyoEY.ltrans7.ltrans.o
 *fill*         0x0000000008011308        0x8 
 .rodata.vcom_string1
                0x0000000008011310       0x26 /tmp/ccpOyoEY.ltrans7.ltrans.o
 *fill*         0x0000000008011336        0xa 
 .rodata.vcom_strings
                0x0000000008011340       0x20 /tmp/ccpOyoEY.ltrans7.ltrans.o
 .rodata.vcom_string0
                0x0000000008011360        0x4 /tmp/ccpOyoEY.ltrans7.ltrans.o
 *fill*         0x0000000008011364        0xc 
 .rodata.vcom_device_descriptor_data
                0x0000000008011370       0x12 /tmp/ccpOyoEY.ltrans7.ltrans.o
 *fill*         0x0000000008011382        0xe 
 .rodata.vcom_string2
                0x0000000008011390       0x38 /tmp/ccpOyoEY.ltrans7.ltrans.o
 *fill*         0x00000000080113c8        0x8 
 .rodata.__func__.6022
                0x00000000080113d0        0xc /tmp/ccpOyoEY.ltrans7.ltrans.o
 *fill*         0x00000000080113dc        0x4 
 .rodata.__func__.8403.lto_priv.117
                0x00000000080113e0       0x11 /tmp/ccpOyoEY.ltrans7.ltrans.o
                0x00000000080113e0                __func__.8403.lto_priv.117
 *fill*         0x00000000080113f1        0xf 
 .rodata.vcom_configuration_descriptor
                0x0000000008011400        0x8 /tmp/ccpOyoEY.ltrans7.ltrans.o
 *fill*         0x0000000008011408        0x8 
 .rodata.str1.4
                0x0000000008011410       0xe3 /tmp/ccpOyoEY.ltrans7.ltrans.o
                                         0xe7 (size before relaxing)
 *fill*         0x00000000080114f3        0xd 
 .rodata.__func__.6192
                0x0000000008011500        0xc /tmp/ccpOyoEY.ltrans7.ltrans.o
 *fill*         0x000000000801150c        0x4 
 .rodata.ep1config
                0x0000000008011510       0x24 /tmp/ccpOyoEY.ltrans7.ltrans.o
 *fill*         0x0000000008011534        0xc 
 .rodata.str1.4
                0x0000000008011540        0x4 /tmp/ccpOyoEY.ltrans8.ltrans.o
                                         0x10 (size before relaxing)
 *fill*         0x0000000008011544        0xc 
 .rodata.__func__.8418
                0x0000000008011550        0xf /tmp/ccpOyoEY.ltrans8.ltrans.o
 *fill*         0x000000000801155f        0x1 
 .rodata.LfnOfs.lto_priv.186
                0x0000000008011560        0xd /tmp/ccpOyoEY.ltrans9.ltrans.o
                0x0000000008011560                LfnOfs.lto_priv.186
 *fill*         0x000000000801156d        0x3 
 .rodata.Tbl    0x0000000008011570      0x100 /tmp/ccpOyoEY.ltrans9.ltrans.o
 .rodata.ExCvt  0x0000000008011670       0x80 /tmp/ccpOyoEY.ltrans9.ltrans.o
 .rodata.str1.4
                0x00000000080116f0       0x67 /tmp/ccpOyoEY.ltrans9.ltrans.o
 *fill*         0x0000000008011757        0x9 
 .rodata.MPU6500_SPI_cfg
                0x0000000008011760        0xc /tmp/ccpOyoEY.ltrans10.ltrans.o
 *fill*         0x000000000801176c        0x4 
 .rodata.axisName
                0x0000000008011770        0x6 /tmp/ccpOyoEY.ltrans10.ltrans.o
 *fill*         0x0000000008011776        0xa 
 .rodata.accelBiasName
                0x0000000008011780        0xa /tmp/ccpOyoEY.ltrans10.ltrans.o
 *fill*         0x000000000801178a        0x6 
 .rodata.accelTNameSub1
                0x0000000008011790        0xc /tmp/ccpOyoEY.ltrans10.ltrans.o
 *fill*         0x000000000801179c        0x4 
 .rodata.accelTNameSub2
                0x00000000080117a0        0x6 /tmp/ccpOyoEY.ltrans10.ltrans.o
 *fill*         0x00000000080117a6        0xa 
 .rodata.str1.4
                0x00000000080117b0       0x3b /tmp/ccpOyoEY.ltrans10.ltrans.o
 *fill*         0x00000000080117eb        0x5 
 .rodata.accelTName1
                0x00000000080117f0        0x8 /tmp/ccpOyoEY.ltrans10.ltrans.o
 *fill*         0x00000000080117f8        0x8 
 .rodata.accelTName2
                0x0000000008011800        0x8 /tmp/ccpOyoEY.ltrans10.ltrans.o
 *fill*         0x0000000008011808        0x8 
 .rodata.__func__.6022
                0x0000000008011810        0xc /tmp/ccpOyoEY.ltrans10.ltrans.o
 *fill*         0x000000000801181c        0x4 
 .rodata.gyroBiasName
                0x0000000008011820        0x9 /tmp/ccpOyoEY.ltrans10.ltrans.o
 *fill*         0x0000000008011829        0x7 
 .rodata.__func__.6022.lto_priv.112
                0x0000000008011830        0xc /tmp/ccpOyoEY.ltrans11.ltrans.o
                0x0000000008011830                __func__.6022.lto_priv.112
 *fill*         0x000000000801183c        0x4 
 .rodata.__func__.8394
                0x0000000008011840        0xc /tmp/ccpOyoEY.ltrans11.ltrans.o
 *fill*         0x000000000801184c        0x4 
 .rodata.__func__.6022.lto_priv.113
                0x0000000008011850        0xc /tmp/ccpOyoEY.ltrans11.ltrans.o
                0x0000000008011850                __func__.6022.lto_priv.113
 *fill*         0x000000000801185c        0x4 
 .rodata.__func__.6022.lto_priv.114
                0x0000000008011860        0xc /tmp/ccpOyoEY.ltrans11.ltrans.o
 *fill*         0x000000000801186c        0x4 
 .rodata.__func__.8452
                0x0000000008011870       0x11 /tmp/ccpOyoEY.ltrans11.ltrans.o
 *fill*         0x0000000008011881        0xf 
 .rodata.__func__.6797
                0x0000000008011890       0x15 /tmp/ccpOyoEY.ltrans11.ltrans.o
 *fill*         0x00000000080118a5        0xb 
 .rodata.__func__.6022.lto_priv.115
                0x00000000080118b0        0xc /tmp/ccpOyoEY.ltrans11.ltrans.o
 *fill*         0x00000000080118bc        0x4 
 .rodata.str1.4
                0x00000000080118c0       0x26 /tmp/ccpOyoEY.ltrans11.ltrans.o
 *fill*         0x00000000080118e6        0xa 
 .rodata.__func__.8371.lto_priv.147
                0x00000000080118f0        0xa /tmp/ccpOyoEY.ltrans11.ltrans.o
                0x00000000080118f0                __func__.8371.lto_priv.147
 *fill*         0x00000000080118fa        0x6 
 .rodata.__func__.8414
                0x0000000008011900       0x10 /tmp/ccpOyoEY.ltrans11.ltrans.o
 .rodata.__func__.8808
                0x0000000008011910       0x15 /tmp/ccpOyoEY.ltrans12.ltrans.o
 *fill*         0x0000000008011925        0xb 
 .rodata.__func__.8817
                0x0000000008011930       0x16 /tmp/ccpOyoEY.ltrans12.ltrans.o
 *fill*         0x0000000008011946        0xa 
 .rodata.__func__.8386
                0x0000000008011950        0xe /tmp/ccpOyoEY.ltrans12.ltrans.o
 *fill*         0x000000000801195e        0x2 
 .rodata.__func__.8827
                0x0000000008011960        0xe /tmp/ccpOyoEY.ltrans12.ltrans.o
 *fill*         0x000000000801196e        0x2 
 .rodata.__func__.8858
                0x0000000008011970        0xb /tmp/ccpOyoEY.ltrans12.ltrans.o
 *fill*         0x000000000801197b        0x5 
 .rodata.__func__.8835
                0x0000000008011980        0x8 /tmp/ccpOyoEY.ltrans12.ltrans.o
 *fill*         0x0000000008011988        0x8 
 .rodata.__func__.8843
                0x0000000008011990        0x9 /tmp/ccpOyoEY.ltrans12.ltrans.o
 *fill*         0x0000000008011999        0x7 
 .rodata.__func__.8853
                0x00000000080119a0        0x8 /tmp/ccpOyoEY.ltrans12.ltrans.o
 *fill*         0x00000000080119a8        0x8 
 .rodata.__func__.6208.lto_priv.215
                0x00000000080119b0       0x14 /tmp/ccpOyoEY.ltrans12.ltrans.o
                0x00000000080119b0                __func__.6208.lto_priv.215
 *fill*         0x00000000080119c4        0xc 
 .rodata.__func__.8694
                0x00000000080119d0       0x13 /tmp/ccpOyoEY.ltrans12.ltrans.o
 *fill*         0x00000000080119e3        0xd 
 .rodata.__func__.8752
                0x00000000080119f0       0x17 /tmp/ccpOyoEY.ltrans12.ltrans.o